2025-12-25 07:46:38.066 [main] INFO  c.a.n.client.logging.NacosLogging - Nacos Logging Adapter Builder: com.alibaba.nacos.logger.adapter.logback12.LogbackNacosLoggingAdapterBuilder
2025-12-25 07:46:38.084 [main] INFO  c.a.n.client.logging.NacosLogging - Nacos Logging Adapter Builder: com.alibaba.nacos.logger.adapter.logback14.LogbackNacosLoggingAdapterBuilder
2025-12-25 07:46:38.085 [main] INFO  c.a.n.client.logging.NacosLogging - Nacos Logging Adapter: com.alibaba.nacos.logger.adapter.logback14.LogbackNacosLoggingAdapter match ch.qos.logback.classic.Logger success.
2025-12-25 07:46:38.095 [main] INFO  c.a.n.client.logging.NacosLogging - Nacos Logging Adapter Builder: com.alibaba.nacos.logger.adapter.log4j2.Log4j2NacosLoggingAdapterBuilder
2025-12-25 07:46:38.103 [background-preinit] INFO  o.h.validator.internal.util.Version - HV000001: Hibernate Validator 8.0.1.Final
2025-12-25 07:46:38.353 [main] INFO  jh.exp.gateway.GatewayApplication - Starting GatewayApplication using Java 17.0.12 with PID 18864 (D:\ieda_deta\exp_v2\exp-gateway\exp-gateway-service\target\classes started by Administrator in D:\ieda_deta\exp_v2)
2025-12-25 07:46:38.357 [main] INFO  jh.exp.gateway.GatewayApplication - No active profile set, falling back to 1 default profile: "default"
2025-12-25 07:46:40.400 [main] INFO  o.s.d.r.c.RepositoryConfigurationDelegate - Multiple Spring Data modules found, entering strict repository configuration mode
2025-12-25 07:46:40.409 [main] INFO  o.s.d.r.c.RepositoryConfigurationDelegate - Bootstrapping Spring Data Redis repositories in DEFAULT mode.
2025-12-25 07:46:40.480 [main] INFO  o.s.d.r.c.RepositoryConfigurationDelegate - Finished Spring Data repository scanning in 31 ms. Found 0 Redis repository interfaces.
2025-12-25 07:46:41.006 [main] INFO  o.s.cloud.context.scope.GenericScope - BeanFactory id=7e6e0df0-e3ba-3e0b-bf3a-2ad4627fb87b
2025-12-25 07:46:41.219 [main] WARN  o.s.c.s.PostProcessorRegistrationDelegate$BeanPostProcessorChecker - Bean 'org.springframework.cloud.client.loadbalancer.LoadBalancerAutoConfiguration$DeferringLoadBalancerInterceptorConfig' of type [org.springframework.cloud.client.loadbalancer.LoadBalancerAutoConfiguration$DeferringLoadBalancerInterceptorConfig] is not eligible for getting processed by all BeanPostProcessors (for example: not eligible for auto-proxying). The currently created BeanPostProcessor [lbRestClientPostProcessor] is declared through a non-static factory method on that class; consider declaring it as static instead.
2025-12-25 07:46:41.224 [main] WARN  o.s.c.s.PostProcessorRegistrationDelegate$BeanPostProcessorChecker - Bean 'deferringLoadBalancerInterceptor' of type [org.springframework.cloud.client.loadbalancer.DeferringLoadBalancerInterceptor] is not eligible for getting processed by all BeanPostProcessors (for example: not eligible for auto-proxying). Is this bean getting eagerly injected into a currently created BeanPostProcessor [lbRestClientPostProcessor]? Check the corresponding BeanPostProcessor declaration and its dependencies.
2025-12-25 07:46:41.226 [main] WARN  o.s.c.s.PostProcessorRegistrationDelegate$BeanPostProcessorChecker - Bean 'org.springframework.cloud.client.loadbalancer.reactive.LoadBalancerBeanPostProcessorAutoConfiguration' of type [org.springframework.cloud.client.loadbalancer.reactive.LoadBalancerBeanPostProcessorAutoConfiguration] is not eligible for getting processed by all BeanPostProcessors (for example: not eligible for auto-proxying). The currently created BeanPostProcessor [loadBalancerWebClientBuilderBeanPostProcessor] is declared through a non-static factory method on that class; consider declaring it as static instead.
2025-12-25 07:46:41.228 [main] WARN  o.s.c.s.PostProcessorRegistrationDelegate$BeanPostProcessorChecker - Bean 'org.springframework.cloud.client.loadbalancer.reactive.LoadBalancerBeanPostProcessorAutoConfiguration$ReactorDeferringLoadBalancerFilterConfig' of type [org.springframework.cloud.client.loadbalancer.reactive.LoadBalancerBeanPostProcessorAutoConfiguration$ReactorDeferringLoadBalancerFilterConfig] is not eligible for getting processed by all BeanPostProcessors (for example: not eligible for auto-proxying). Is this bean getting eagerly injected into a currently created BeanPostProcessor [loadBalancerWebClientBuilderBeanPostProcessor]? Check the corresponding BeanPostProcessor declaration and its dependencies.
2025-12-25 07:46:41.231 [main] WARN  o.s.c.s.PostProcessorRegistrationDelegate$BeanPostProcessorChecker - Bean 'reactorDeferringLoadBalancerExchangeFilterFunction' of type [org.springframework.cloud.client.loadbalancer.reactive.DeferringLoadBalancerExchangeFilterFunction] is not eligible for getting processed by all BeanPostProcessors (for example: not eligible for auto-proxying). Is this bean getting eagerly injected into a currently created BeanPostProcessor [loadBalancerWebClientBuilderBeanPostProcessor]? Check the corresponding BeanPostProcessor declaration and its dependencies.
2025-12-25 07:46:41.815 [main] INFO  o.s.b.w.e.tomcat.TomcatWebServer - Tomcat initialized with port 9000 (http)
2025-12-25 07:46:41.843 [main] INFO  o.a.coyote.http11.Http11NioProtocol - Initializing ProtocolHandler ["http-nio-9000"]
2025-12-25 07:46:41.847 [main] INFO  o.a.catalina.core.StandardService - Starting service [Tomcat]
2025-12-25 07:46:41.848 [main] INFO  o.a.catalina.core.StandardEngine - Starting Servlet engine: [Apache Tomcat/10.1.20]
2025-12-25 07:46:45.333 [main] INFO  o.s.c.g.r.RouteDefinitionRouteLocator - Loaded RoutePredicateFactory [After]
2025-12-25 07:46:45.334 [main] INFO  o.s.c.g.r.RouteDefinitionRouteLocator - Loaded RoutePredicateFactory [Before]
2025-12-25 07:46:45.334 [main] INFO  o.s.c.g.r.RouteDefinitionRouteLocator - Loaded RoutePredicateFactory [Between]
2025-12-25 07:46:45.334 [main] INFO  o.s.c.g.r.RouteDefinitionRouteLocator - Loaded RoutePredicateFactory [Cookie]
2025-12-25 07:46:45.334 [main] INFO  o.s.c.g.r.RouteDefinitionRouteLocator - Loaded RoutePredicateFactory [Header]
2025-12-25 07:46:45.334 [main] INFO  o.s.c.g.r.RouteDefinitionRouteLocator - Loaded RoutePredicateFactory [Host]
2025-12-25 07:46:45.335 [main] INFO  o.s.c.g.r.RouteDefinitionRouteLocator - Loaded RoutePredicateFactory [Method]
2025-12-25 07:46:45.335 [main] INFO  o.s.c.g.r.RouteDefinitionRouteLocator - Loaded RoutePredicateFactory [Path]
2025-12-25 07:46:45.335 [main] INFO  o.s.c.g.r.RouteDefinitionRouteLocator - Loaded RoutePredicateFactory [Query]
2025-12-25 07:46:45.335 [main] INFO  o.s.c.g.r.RouteDefinitionRouteLocator - Loaded RoutePredicateFactory [ReadBody]
2025-12-25 07:46:45.335 [main] INFO  o.s.c.g.r.RouteDefinitionRouteLocator - Loaded RoutePredicateFactory [RemoteAddr]
2025-12-25 07:46:45.335 [main] INFO  o.s.c.g.r.RouteDefinitionRouteLocator - Loaded RoutePredicateFactory [XForwardedRemoteAddr]
2025-12-25 07:46:45.335 [main] INFO  o.s.c.g.r.RouteDefinitionRouteLocator - Loaded RoutePredicateFactory [Weight]
2025-12-25 07:46:45.335 [main] INFO  o.s.c.g.r.RouteDefinitionRouteLocator - Loaded RoutePredicateFactory [CloudFoundryRouteService]
2025-12-25 07:46:46.407 [main] INFO  o.s.b.a.s.r.ReactiveUserDetailsServiceAutoConfiguration - 

Using generated security password: 3cdb5b2a-013e-4a82-b878-277610002282

2025-12-25 07:46:46.496 [main] WARN  o.s.c.l.c.LoadBalancerCacheAutoConfiguration$LoadBalancerCaffeineWarnLogger - Spring Cloud LoadBalancer is currently working with the default cache. While this cache implementation is useful for development and tests, it's recommended to use Caffeine cache in production.You can switch to using Caffeine cache, by adding it and org.springframework.cache.caffeine.CaffeineCacheManager to the classpath.
2025-12-25 07:46:46.669 [main] INFO  o.a.coyote.http11.Http11NioProtocol - Starting ProtocolHandler ["http-nio-9000"]
2025-12-25 07:46:46.725 [main] INFO  o.s.b.w.e.tomcat.TomcatWebServer - Tomcat started on port 9000 (http) with context path ''
2025-12-25 07:46:47.441 [main] INFO  c.a.n.p.a.s.c.ClientAuthPluginManager - [ClientAuthPluginManager] Load ClientAuthService com.alibaba.nacos.client.auth.impl.NacosClientAuthServiceImpl success.
2025-12-25 07:46:47.441 [main] INFO  c.a.n.p.a.s.c.ClientAuthPluginManager - [ClientAuthPluginManager] Load ClientAuthService com.alibaba.nacos.client.auth.ram.RamClientAuthServiceImpl success.
2025-12-25 07:46:51.538 [main] INFO  c.a.n.c.a.AbstractAbilityControlManager - Ready to get current node abilities...
2025-12-25 07:46:51.542 [main] INFO  c.a.n.c.a.AbstractAbilityControlManager - Ready to initialize current node abilities, support modes: [SDK_CLIENT]
2025-12-25 07:46:51.543 [main] INFO  c.a.n.c.a.AbstractAbilityControlManager - Initialize current abilities finish...
2025-12-25 07:46:51.544 [main] INFO  c.a.n.c.a.d.NacosAbilityManagerHolder - [AbilityControlManager] Successfully initialize AbilityControlManager
2025-12-25 07:46:51.768 [main] ERROR c.a.c.n.r.NacosServiceRegistry - nacos registry, exp-gateway register failed...NacosRegistration{nacosDiscoveryProperties=NacosDiscoveryProperties{serverAddr='null', username='******', password='******', endpoint='null', namespace='null', watchDelay=30000, logName='null', service='null', weight=1.0, clusterName='null', group='DEFAULT_GROUP', namingLoadCacheAtStart='false', metadata={}, registerEnabled=true, ip='null', networkInterface='', port=-1, secure=false, accessKey='null', secretKey='null', heartBeatInterval=null, heartBeatTimeout=null, ipDeleteTimeout=null, instanceEnabled=true, ephemeral=true, failureToleranceEnabled=false}, ipDeleteTimeout=null, failFast=true}},
com.alibaba.nacos.api.exception.NacosException: Code: 401, Message: User not found! Please check user exist or password is right!.
	at com.alibaba.nacos.client.naming.remote.gprc.NamingGrpcClientProxy.requestToServer(NamingGrpcClientProxy.java:449)
	at com.alibaba.nacos.client.naming.remote.gprc.NamingGrpcClientProxy.doRegisterService(NamingGrpcClientProxy.java:250)
	at com.alibaba.nacos.client.naming.remote.gprc.NamingGrpcClientProxy.registerServiceForEphemeral(NamingGrpcClientProxy.java:145)
	at com.alibaba.nacos.client.naming.remote.gprc.NamingGrpcClientProxy.registerService(NamingGrpcClientProxy.java:136)
	at com.alibaba.nacos.client.naming.remote.NamingClientProxyDelegate.registerService(NamingClientProxyDelegate.java:95)
	at com.alibaba.nacos.client.naming.NacosNamingService.registerInstance(NacosNamingService.java:158)
	at com.alibaba.cloud.nacos.registry.NacosServiceRegistry.register(NacosServiceRegistry.java:75)
	at org.springframework.cloud.client.serviceregistry.AbstractAutoServiceRegistration.register(AbstractAutoServiceRegistration.java:264)
	at com.alibaba.cloud.nacos.registry.NacosAutoServiceRegistration.register(NacosAutoServiceRegistration.java:81)
	at org.springframework.cloud.client.serviceregistry.AbstractAutoServiceRegistration.start(AbstractAutoServiceRegistration.java:156)
	at org.springframework.cloud.client.serviceregistry.AbstractAutoServiceRegistration.onApplicationEvent(AbstractAutoServiceRegistration.java:119)
	at org.springframework.cloud.client.serviceregistry.AbstractAutoServiceRegistration.onApplicationEvent(AbstractAutoServiceRegistration.java:49)
	at org.springframework.context.event.SimpleApplicationEventMulticaster.doInvokeListener(SimpleApplicationEventMulticaster.java:185)
	at org.springframework.context.event.SimpleApplicationEventMulticaster.invokeListener(SimpleApplicationEventMulticaster.java:178)
	at org.springframework.context.event.SimpleApplicationEventMulticaster.multicastEvent(SimpleApplicationEventMulticaster.java:156)
	at org.springframework.context.support.AbstractApplicationContext.publishEvent(AbstractApplicationContext.java:451)
	at org.springframework.context.support.AbstractApplicationContext.publishEvent(AbstractApplicationContext.java:384)
	at org.springframework.boot.web.reactive.context.WebServerManager.start(WebServerManager.java:57)
	at org.springframework.boot.web.reactive.context.WebServerStartStopLifecycle.start(WebServerStartStopLifecycle.java:41)
	at org.springframework.context.support.DefaultLifecycleProcessor.doStart(DefaultLifecycleProcessor.java:288)
	at org.springframework.context.support.DefaultLifecycleProcessor$LifecycleGroup.start(DefaultLifecycleProcessor.java:471)
	at java.base/java.lang.Iterable.forEach(Iterable.java:75)
	at org.springframework.context.support.DefaultLifecycleProcessor.startBeans(DefaultLifecycleProcessor.java:260)
	at org.springframework.context.support.DefaultLifecycleProcessor.onRefresh(DefaultLifecycleProcessor.java:205)
	at org.springframework.context.support.AbstractApplicationContext.finishRefresh(AbstractApplicationContext.java:981)
	at org.springframework.context.support.AbstractApplicationContext.__refresh(AbstractApplicationContext.java:627)
	at org.springframework.context.support.AbstractApplicationContext.jrLockAndRefresh(AbstractApplicationContext.java:41002)
	at org.springframework.context.support.AbstractApplicationContext.refresh(AbstractApplicationContext.java:42008)
	at org.springframework.boot.web.reactive.context.ReactiveWebServerApplicationContext.refresh(ReactiveWebServerApplicationContext.java:66)
	at org.springframework.boot.SpringApplication.refresh(SpringApplication.java:754)
	at org.springframework.boot.SpringApplication.refreshContext(SpringApplication.java:456)
	at org.springframework.boot.SpringApplication.run(SpringApplication.java:334)
	at org.springframework.boot.SpringApplication.run(SpringApplication.java:1354)
	at org.springframework.boot.SpringApplication.run(SpringApplication.java:1343)
	at jh.exp.gateway.GatewayApplication.main(GatewayApplication.java:14)
2025-12-25 07:46:51.820 [main] WARN  o.s.b.w.r.c.AnnotationConfigReactiveWebServerApplicationContext - Exception encountered during context initialization - cancelling refresh attempt: org.springframework.context.ApplicationContextException: Failed to start bean 'webServerStartStop'
2025-12-25 07:46:51.881 [main] INFO  o.s.b.a.l.ConditionEvaluationReportLogger - 

Error starting ApplicationContext. To display the condition evaluation report re-run your application with 'debug' enabled.
2025-12-25 07:46:51.925 [main] ERROR o.s.boot.SpringApplication - Application run failed
org.springframework.context.ApplicationContextException: Failed to start bean 'webServerStartStop'
	at org.springframework.context.support.DefaultLifecycleProcessor.doStart(DefaultLifecycleProcessor.java:291)
	at org.springframework.context.support.DefaultLifecycleProcessor$LifecycleGroup.start(DefaultLifecycleProcessor.java:471)
	at java.base/java.lang.Iterable.forEach(Iterable.java:75)
	at org.springframework.context.support.DefaultLifecycleProcessor.startBeans(DefaultLifecycleProcessor.java:260)
	at org.springframework.context.support.DefaultLifecycleProcessor.onRefresh(DefaultLifecycleProcessor.java:205)
	at org.springframework.context.support.AbstractApplicationContext.finishRefresh(AbstractApplicationContext.java:981)
	at org.springframework.context.support.AbstractApplicationContext.__refresh(AbstractApplicationContext.java:627)
	at org.springframework.context.support.AbstractApplicationContext.jrLockAndRefresh(AbstractApplicationContext.java:41002)
	at org.springframework.context.support.AbstractApplicationContext.refresh(AbstractApplicationContext.java:42008)
	at org.springframework.boot.web.reactive.context.ReactiveWebServerApplicationContext.refresh(ReactiveWebServerApplicationContext.java:66)
	at org.springframework.boot.SpringApplication.refresh(SpringApplication.java:754)
	at org.springframework.boot.SpringApplication.refreshContext(SpringApplication.java:456)
	at org.springframework.boot.SpringApplication.run(SpringApplication.java:334)
	at org.springframework.boot.SpringApplication.run(SpringApplication.java:1354)
	at org.springframework.boot.SpringApplication.run(SpringApplication.java:1343)
	at jh.exp.gateway.GatewayApplication.main(GatewayApplication.java:14)
Caused by: java.lang.reflect.UndeclaredThrowableException: null
	at org.springframework.util.ReflectionUtils.rethrowRuntimeException(ReflectionUtils.java:147)
	at com.alibaba.cloud.nacos.registry.NacosServiceRegistry.register(NacosServiceRegistry.java:83)
	at org.springframework.cloud.client.serviceregistry.AbstractAutoServiceRegistration.register(AbstractAutoServiceRegistration.java:264)
	at com.alibaba.cloud.nacos.registry.NacosAutoServiceRegistration.register(NacosAutoServiceRegistration.java:81)
	at org.springframework.cloud.client.serviceregistry.AbstractAutoServiceRegistration.start(AbstractAutoServiceRegistration.java:156)
	at org.springframework.cloud.client.serviceregistry.AbstractAutoServiceRegistration.onApplicationEvent(AbstractAutoServiceRegistration.java:119)
	at org.springframework.cloud.client.serviceregistry.AbstractAutoServiceRegistration.onApplicationEvent(AbstractAutoServiceRegistration.java:49)
	at org.springframework.context.event.SimpleApplicationEventMulticaster.doInvokeListener(SimpleApplicationEventMulticaster.java:185)
	at org.springframework.context.event.SimpleApplicationEventMulticaster.invokeListener(SimpleApplicationEventMulticaster.java:178)
	at org.springframework.context.event.SimpleApplicationEventMulticaster.multicastEvent(SimpleApplicationEventMulticaster.java:156)
	at org.springframework.context.support.AbstractApplicationContext.publishEvent(AbstractApplicationContext.java:451)
	at org.springframework.context.support.AbstractApplicationContext.publishEvent(AbstractApplicationContext.java:384)
	at org.springframework.boot.web.reactive.context.WebServerManager.start(WebServerManager.java:57)
	at org.springframework.boot.web.reactive.context.WebServerStartStopLifecycle.start(WebServerStartStopLifecycle.java:41)
	at org.springframework.context.support.DefaultLifecycleProcessor.doStart(DefaultLifecycleProcessor.java:288)
	... 15 common frames omitted
Caused by: com.alibaba.nacos.api.exception.NacosException: Code: 401, Message: User not found! Please check user exist or password is right!.
	at com.alibaba.nacos.client.naming.remote.gprc.NamingGrpcClientProxy.requestToServer(NamingGrpcClientProxy.java:449)
	at com.alibaba.nacos.client.naming.remote.gprc.NamingGrpcClientProxy.doRegisterService(NamingGrpcClientProxy.java:250)
	at com.alibaba.nacos.client.naming.remote.gprc.NamingGrpcClientProxy.registerServiceForEphemeral(NamingGrpcClientProxy.java:145)
	at com.alibaba.nacos.client.naming.remote.gprc.NamingGrpcClientProxy.registerService(NamingGrpcClientProxy.java:136)
	at com.alibaba.nacos.client.naming.remote.NamingClientProxyDelegate.registerService(NamingClientProxyDelegate.java:95)
	at com.alibaba.nacos.client.naming.NacosNamingService.registerInstance(NacosNamingService.java:158)
	at com.alibaba.cloud.nacos.registry.NacosServiceRegistry.register(NacosServiceRegistry.java:75)
	... 28 common frames omitted
2025-12-25 07:49:08.062 [idle-monitor-exp-gateway] INFO  SERVICE_IDLE_MONITOR - ====== [SERVICE_IDLE] [exp-gateway] 系统已进入休眠，等待激活 ======
2025-12-25 07:51:38.063 [idle-monitor-exp-gateway] INFO  SERVICE_IDLE_MONITOR - ====== [SERVICE_IDLE] [exp-gateway] 系统已进入休眠，等待激活 ======
2025-12-25 07:54:08.057 [idle-monitor-exp-gateway] INFO  SERVICE_IDLE_MONITOR - ====== [SERVICE_IDLE] [exp-gateway] 系统已进入休眠，等待激活 ======
2025-12-25 07:56:38.058 [idle-monitor-exp-gateway] INFO  SERVICE_IDLE_MONITOR - ====== [SERVICE_IDLE] [exp-gateway] 系统已进入休眠，等待激活 ======
2025-12-25 07:59:08.064 [idle-monitor-exp-gateway] INFO  SERVICE_IDLE_MONITOR - ====== [SERVICE_IDLE] [exp-gateway] 系统已进入休眠，等待激活 ======
2025-12-25 08:01:38.057 [idle-monitor-exp-gateway] INFO  SERVICE_IDLE_MONITOR - ====== [SERVICE_IDLE] [exp-gateway] 系统已进入休眠，等待激活 ======
2025-12-25 08:03:38.057 [idle-monitor-exp-gateway] INFO  SERVICE_IDLE_MONITOR - ====== [SERVICE_IDLE] [exp-gateway] 系统已进入休眠，等待激活 ======
2025-12-25 08:05:38.063 [idle-monitor-exp-gateway] INFO  SERVICE_IDLE_MONITOR - ====== [SERVICE_IDLE] [exp-gateway] 系统已进入休眠，等待激活 ======
2025-12-25 08:07:38.065 [idle-monitor-exp-gateway] INFO  SERVICE_IDLE_MONITOR - ====== [SERVICE_IDLE] [exp-gateway] 系统已进入休眠，等待激活 ======
2025-12-25 08:10:08.052 [idle-monitor-exp-gateway] INFO  SERVICE_IDLE_MONITOR - ====== [SERVICE_IDLE] [exp-gateway] 系统已进入休眠，等待激活 ======
2025-12-25 08:12:08.052 [idle-monitor-exp-gateway] INFO  SERVICE_IDLE_MONITOR - ====== [SERVICE_IDLE] [exp-gateway] 系统已进入休眠，等待激活 ======
2025-12-25 08:14:08.066 [idle-monitor-exp-gateway] INFO  SERVICE_IDLE_MONITOR - ====== [SERVICE_IDLE] [exp-gateway] 系统已进入休眠，等待激活 ======
2025-12-25 08:16:38.053 [idle-monitor-exp-gateway] INFO  SERVICE_IDLE_MONITOR - ====== [SERVICE_IDLE] [exp-gateway] 系统已进入休眠，等待激活 ======
2025-12-25 08:18:38.054 [idle-monitor-exp-gateway] INFO  SERVICE_IDLE_MONITOR - ====== [SERVICE_IDLE] [exp-gateway] 系统已进入休眠，等待激活 ======
2025-12-25 08:20:38.066 [idle-monitor-exp-gateway] INFO  SERVICE_IDLE_MONITOR - ====== [SERVICE_IDLE] [exp-gateway] 系统已进入休眠，等待激活 ======
2025-12-25 08:23:08.059 [idle-monitor-exp-gateway] INFO  SERVICE_IDLE_MONITOR - ====== [SERVICE_IDLE] [exp-gateway] 系统已进入休眠，等待激活 ======
2025-12-25 08:25:38.051 [idle-monitor-exp-gateway] INFO  SERVICE_IDLE_MONITOR - ====== [SERVICE_IDLE] [exp-gateway] 系统已进入休眠，等待激活 ======
2025-12-25 08:27:38.059 [idle-monitor-exp-gateway] INFO  SERVICE_IDLE_MONITOR - ====== [SERVICE_IDLE] [exp-gateway] 系统已进入休眠，等待激活 ======
2025-12-25 08:30:08.054 [idle-monitor-exp-gateway] INFO  SERVICE_IDLE_MONITOR - ====== [SERVICE_IDLE] [exp-gateway] 系统已进入休眠，等待激活 ======
2025-12-25 08:32:08.059 [idle-monitor-exp-gateway] INFO  SERVICE_IDLE_MONITOR - ====== [SERVICE_IDLE] [exp-gateway] 系统已进入休眠，等待激活 ======
2025-12-25 08:34:08.065 [idle-monitor-exp-gateway] INFO  SERVICE_IDLE_MONITOR - ====== [SERVICE_IDLE] [exp-gateway] 系统已进入休眠，等待激活 ======
2025-12-25 08:36:38.058 [idle-monitor-exp-gateway] INFO  SERVICE_IDLE_MONITOR - ====== [SERVICE_IDLE] [exp-gateway] 系统已进入休眠，等待激活 ======
2025-12-25 08:38:38.062 [idle-monitor-exp-gateway] INFO  SERVICE_IDLE_MONITOR - ====== [SERVICE_IDLE] [exp-gateway] 系统已进入休眠，等待激活 ======
2025-12-25 08:41:08.066 [idle-monitor-exp-gateway] INFO  SERVICE_IDLE_MONITOR - ====== [SERVICE_IDLE] [exp-gateway] 系统已进入休眠，等待激活 ======
2025-12-25 08:43:38.065 [idle-monitor-exp-gateway] INFO  SERVICE_IDLE_MONITOR - ====== [SERVICE_IDLE] [exp-gateway] 系统已进入休眠，等待激活 ======
2025-12-25 08:46:08.056 [idle-monitor-exp-gateway] INFO  SERVICE_IDLE_MONITOR - ====== [SERVICE_IDLE] [exp-gateway] 系统已进入休眠，等待激活 ======
2025-12-25 08:48:38.055 [idle-monitor-exp-gateway] INFO  SERVICE_IDLE_MONITOR - ====== [SERVICE_IDLE] [exp-gateway] 系统已进入休眠，等待激活 ======
2025-12-25 08:50:38.065 [idle-monitor-exp-gateway] INFO  SERVICE_IDLE_MONITOR - ====== [SERVICE_IDLE] [exp-gateway] 系统已进入休眠，等待激活 ======
2025-12-25 08:52:38.065 [idle-monitor-exp-gateway] INFO  SERVICE_IDLE_MONITOR - ====== [SERVICE_IDLE] [exp-gateway] 系统已进入休眠，等待激活 ======
2025-12-25 08:55:08.064 [idle-monitor-exp-gateway] INFO  SERVICE_IDLE_MONITOR - ====== [SERVICE_IDLE] [exp-gateway] 系统已进入休眠，等待激活 ======
2025-12-25 08:57:38.055 [idle-monitor-exp-gateway] INFO  SERVICE_IDLE_MONITOR - ====== [SERVICE_IDLE] [exp-gateway] 系统已进入休眠，等待激活 ======
2025-12-25 08:59:38.063 [idle-monitor-exp-gateway] INFO  SERVICE_IDLE_MONITOR - ====== [SERVICE_IDLE] [exp-gateway] 系统已进入休眠，等待激活 ======
2025-12-25 09:01:38.064 [idle-monitor-exp-gateway] INFO  SERVICE_IDLE_MONITOR - ====== [SERVICE_IDLE] [exp-gateway] 系统已进入休眠，等待激活 ======
2025-12-25 09:04:08.063 [idle-monitor-exp-gateway] INFO  SERVICE_IDLE_MONITOR - ====== [SERVICE_IDLE] [exp-gateway] 系统已进入休眠，等待激活 ======
2025-12-25 09:06:38.065 [idle-monitor-exp-gateway] INFO  SERVICE_IDLE_MONITOR - ====== [SERVICE_IDLE] [exp-gateway] 系统已进入休眠，等待激活 ======
2025-12-25 09:09:08.064 [idle-monitor-exp-gateway] INFO  SERVICE_IDLE_MONITOR - ====== [SERVICE_IDLE] [exp-gateway] 系统已进入休眠，等待激活 ======
2025-12-25 09:11:38.053 [idle-monitor-exp-gateway] INFO  SERVICE_IDLE_MONITOR - ====== [SERVICE_IDLE] [exp-gateway] 系统已进入休眠，等待激活 ======
2025-12-25 09:13:38.065 [idle-monitor-exp-gateway] INFO  SERVICE_IDLE_MONITOR - ====== [SERVICE_IDLE] [exp-gateway] 系统已进入休眠，等待激活 ======
2025-12-25 09:16:08.063 [idle-monitor-exp-gateway] INFO  SERVICE_IDLE_MONITOR - ====== [SERVICE_IDLE] [exp-gateway] 系统已进入休眠，等待激活 ======
2025-12-25 09:18:08.064 [idle-monitor-exp-gateway] INFO  SERVICE_IDLE_MONITOR - ====== [SERVICE_IDLE] [exp-gateway] 系统已进入休眠，等待激活 ======
2025-12-25 09:20:38.061 [idle-monitor-exp-gateway] INFO  SERVICE_IDLE_MONITOR - ====== [SERVICE_IDLE] [exp-gateway] 系统已进入休眠，等待激活 ======
2025-12-25 09:22:38.066 [idle-monitor-exp-gateway] INFO  SERVICE_IDLE_MONITOR - ====== [SERVICE_IDLE] [exp-gateway] 系统已进入休眠，等待激活 ======
2025-12-25 09:25:08.057 [idle-monitor-exp-gateway] INFO  SERVICE_IDLE_MONITOR - ====== [SERVICE_IDLE] [exp-gateway] 系统已进入休眠，等待激活 ======
2025-12-25 09:27:08.065 [idle-monitor-exp-gateway] INFO  SERVICE_IDLE_MONITOR - ====== [SERVICE_IDLE] [exp-gateway] 系统已进入休眠，等待激活 ======
2025-12-25 09:29:38.058 [idle-monitor-exp-gateway] INFO  SERVICE_IDLE_MONITOR - ====== [SERVICE_IDLE] [exp-gateway] 系统已进入休眠，等待激活 ======
2025-12-25 09:31:38.065 [idle-monitor-exp-gateway] INFO  SERVICE_IDLE_MONITOR - ====== [SERVICE_IDLE] [exp-gateway] 系统已进入休眠，等待激活 ======
2025-12-25 09:34:08.061 [idle-monitor-exp-gateway] INFO  SERVICE_IDLE_MONITOR - ====== [SERVICE_IDLE] [exp-gateway] 系统已进入休眠，等待激活 ======
2025-12-25 09:36:38.063 [idle-monitor-exp-gateway] INFO  SERVICE_IDLE_MONITOR - ====== [SERVICE_IDLE] [exp-gateway] 系统已进入休眠，等待激活 ======
2025-12-25 09:39:08.063 [idle-monitor-exp-gateway] INFO  SERVICE_IDLE_MONITOR - ====== [SERVICE_IDLE] [exp-gateway] 系统已进入休眠，等待激活 ======
2025-12-25 09:41:38.063 [idle-monitor-exp-gateway] INFO  SERVICE_IDLE_MONITOR - ====== [SERVICE_IDLE] [exp-gateway] 系统已进入休眠，等待激活 ======
2025-12-25 09:44:08.063 [idle-monitor-exp-gateway] INFO  SERVICE_IDLE_MONITOR - ====== [SERVICE_IDLE] [exp-gateway] 系统已进入休眠，等待激活 ======
2025-12-25 09:46:38.062 [idle-monitor-exp-gateway] INFO  SERVICE_IDLE_MONITOR - ====== [SERVICE_IDLE] [exp-gateway] 系统已进入休眠，等待激活 ======
2025-12-25 09:48:38.063 [idle-monitor-exp-gateway] INFO  SERVICE_IDLE_MONITOR - ====== [SERVICE_IDLE] [exp-gateway] 系统已进入休眠，等待激活 ======
2025-12-25 09:50:38.063 [idle-monitor-exp-gateway] INFO  SERVICE_IDLE_MONITOR - ====== [SERVICE_IDLE] [exp-gateway] 系统已进入休眠，等待激活 ======
2025-12-25 09:52:38.063 [idle-monitor-exp-gateway] INFO  SERVICE_IDLE_MONITOR - ====== [SERVICE_IDLE] [exp-gateway] 系统已进入休眠，等待激活 ======
2025-12-25 09:55:08.065 [idle-monitor-exp-gateway] INFO  SERVICE_IDLE_MONITOR - ====== [SERVICE_IDLE] [exp-gateway] 系统已进入休眠，等待激活 ======
2025-12-25 09:57:38.062 [idle-monitor-exp-gateway] INFO  SERVICE_IDLE_MONITOR - ====== [SERVICE_IDLE] [exp-gateway] 系统已进入休眠，等待激活 ======
2025-12-25 09:59:38.066 [idle-monitor-exp-gateway] INFO  SERVICE_IDLE_MONITOR - ====== [SERVICE_IDLE] [exp-gateway] 系统已进入休眠，等待激活 ======
2025-12-25 10:02:08.060 [idle-monitor-exp-gateway] INFO  SERVICE_IDLE_MONITOR - ====== [SERVICE_IDLE] [exp-gateway] 系统已进入休眠，等待激活 ======
2025-12-25 10:04:08.064 [idle-monitor-exp-gateway] INFO  SERVICE_IDLE_MONITOR - ====== [SERVICE_IDLE] [exp-gateway] 系统已进入休眠，等待激活 ======
2025-12-25 10:06:38.066 [idle-monitor-exp-gateway] INFO  SERVICE_IDLE_MONITOR - ====== [SERVICE_IDLE] [exp-gateway] 系统已进入休眠，等待激活 ======
2025-12-25 10:09:08.061 [idle-monitor-exp-gateway] INFO  SERVICE_IDLE_MONITOR - ====== [SERVICE_IDLE] [exp-gateway] 系统已进入休眠，等待激活 ======
2025-12-25 10:11:08.064 [idle-monitor-exp-gateway] INFO  SERVICE_IDLE_MONITOR - ====== [SERVICE_IDLE] [exp-gateway] 系统已进入休眠，等待激活 ======
2025-12-25 10:13:38.057 [idle-monitor-exp-gateway] INFO  SERVICE_IDLE_MONITOR - ====== [SERVICE_IDLE] [exp-gateway] 系统已进入休眠，等待激活 ======
2025-12-25 10:16:08.056 [idle-monitor-exp-gateway] INFO  SERVICE_IDLE_MONITOR - ====== [SERVICE_IDLE] [exp-gateway] 系统已进入休眠，等待激活 ======
2025-12-25 10:17:50.394 [Thread-12] WARN  c.a.n.c.executor.ThreadPoolManager - [ThreadPoolManager] Start destroying ThreadPool
2025-12-25 10:17:50.394 [Thread-29] WARN  c.a.n.c.http.HttpClientBeanHolder - [HttpClientBeanHolder] Start destroying common HttpClient
2025-12-25 10:17:50.394 [Thread-27] WARN  c.a.nacos.common.notify.NotifyCenter - [NotifyCenter] Start destroying Publisher
2025-12-25 10:17:50.396 [Thread-12] WARN  c.a.n.c.executor.ThreadPoolManager - [ThreadPoolManager] Destruction of the end
2025-12-25 10:17:50.396 [Thread-27] WARN  c.a.nacos.common.notify.NotifyCenter - [NotifyCenter] Destruction of the end
2025-12-25 10:17:50.409 [Thread-29] WARN  c.a.n.c.http.HttpClientBeanHolder - [HttpClientBeanHolder] Destruction of the end
2025-12-25 10:17:57.700 [main] INFO  c.a.n.client.logging.NacosLogging - Nacos Logging Adapter Builder: com.alibaba.nacos.logger.adapter.logback12.LogbackNacosLoggingAdapterBuilder
2025-12-25 10:17:57.706 [main] INFO  c.a.n.client.logging.NacosLogging - Nacos Logging Adapter Builder: com.alibaba.nacos.logger.adapter.logback14.LogbackNacosLoggingAdapterBuilder
2025-12-25 10:17:57.707 [main] INFO  c.a.n.client.logging.NacosLogging - Nacos Logging Adapter: com.alibaba.nacos.logger.adapter.logback14.LogbackNacosLoggingAdapter match ch.qos.logback.classic.Logger success.
2025-12-25 10:17:57.722 [main] INFO  c.a.n.client.logging.NacosLogging - Nacos Logging Adapter Builder: com.alibaba.nacos.logger.adapter.log4j2.Log4j2NacosLoggingAdapterBuilder
2025-12-25 10:17:57.729 [background-preinit] INFO  o.h.validator.internal.util.Version - HV000001: Hibernate Validator 8.0.1.Final
2025-12-25 10:17:57.999 [main] INFO  jh.exp.gateway.GatewayApplication - Starting GatewayApplication using Java 17.0.12 with PID 34164 (D:\ieda_deta\exp_v2\exp-gateway\exp-gateway-service\target\classes started by Administrator in D:\ieda_deta\exp_v2)
2025-12-25 10:17:58.000 [main] INFO  jh.exp.gateway.GatewayApplication - No active profile set, falling back to 1 default profile: "default"
2025-12-25 10:17:59.192 [main] INFO  o.s.d.r.c.RepositoryConfigurationDelegate - Multiple Spring Data modules found, entering strict repository configuration mode
2025-12-25 10:17:59.202 [main] INFO  o.s.d.r.c.RepositoryConfigurationDelegate - Bootstrapping Spring Data Redis repositories in DEFAULT mode.
2025-12-25 10:17:59.251 [main] INFO  o.s.d.r.c.RepositoryConfigurationDelegate - Finished Spring Data repository scanning in 22 ms. Found 0 Redis repository interfaces.
2025-12-25 10:17:59.543 [main] INFO  o.s.cloud.context.scope.GenericScope - BeanFactory id=7e6e0df0-e3ba-3e0b-bf3a-2ad4627fb87b
2025-12-25 10:17:59.680 [main] WARN  o.s.c.s.PostProcessorRegistrationDelegate$BeanPostProcessorChecker - Bean 'org.springframework.cloud.client.loadbalancer.LoadBalancerAutoConfiguration$DeferringLoadBalancerInterceptorConfig' of type [org.springframework.cloud.client.loadbalancer.LoadBalancerAutoConfiguration$DeferringLoadBalancerInterceptorConfig] is not eligible for getting processed by all BeanPostProcessors (for example: not eligible for auto-proxying). The currently created BeanPostProcessor [lbRestClientPostProcessor] is declared through a non-static factory method on that class; consider declaring it as static instead.
2025-12-25 10:17:59.682 [main] WARN  o.s.c.s.PostProcessorRegistrationDelegate$BeanPostProcessorChecker - Bean 'deferringLoadBalancerInterceptor' of type [org.springframework.cloud.client.loadbalancer.DeferringLoadBalancerInterceptor] is not eligible for getting processed by all BeanPostProcessors (for example: not eligible for auto-proxying). Is this bean getting eagerly injected into a currently created BeanPostProcessor [lbRestClientPostProcessor]? Check the corresponding BeanPostProcessor declaration and its dependencies.
2025-12-25 10:17:59.684 [main] WARN  o.s.c.s.PostProcessorRegistrationDelegate$BeanPostProcessorChecker - Bean 'org.springframework.cloud.client.loadbalancer.reactive.LoadBalancerBeanPostProcessorAutoConfiguration' of type [org.springframework.cloud.client.loadbalancer.reactive.LoadBalancerBeanPostProcessorAutoConfiguration] is not eligible for getting processed by all BeanPostProcessors (for example: not eligible for auto-proxying). The currently created BeanPostProcessor [loadBalancerWebClientBuilderBeanPostProcessor] is declared through a non-static factory method on that class; consider declaring it as static instead.
2025-12-25 10:17:59.685 [main] WARN  o.s.c.s.PostProcessorRegistrationDelegate$BeanPostProcessorChecker - Bean 'org.springframework.cloud.client.loadbalancer.reactive.LoadBalancerBeanPostProcessorAutoConfiguration$ReactorDeferringLoadBalancerFilterConfig' of type [org.springframework.cloud.client.loadbalancer.reactive.LoadBalancerBeanPostProcessorAutoConfiguration$ReactorDeferringLoadBalancerFilterConfig] is not eligible for getting processed by all BeanPostProcessors (for example: not eligible for auto-proxying). Is this bean getting eagerly injected into a currently created BeanPostProcessor [loadBalancerWebClientBuilderBeanPostProcessor]? Check the corresponding BeanPostProcessor declaration and its dependencies.
2025-12-25 10:17:59.686 [main] WARN  o.s.c.s.PostProcessorRegistrationDelegate$BeanPostProcessorChecker - Bean 'reactorDeferringLoadBalancerExchangeFilterFunction' of type [org.springframework.cloud.client.loadbalancer.reactive.DeferringLoadBalancerExchangeFilterFunction] is not eligible for getting processed by all BeanPostProcessors (for example: not eligible for auto-proxying). Is this bean getting eagerly injected into a currently created BeanPostProcessor [loadBalancerWebClientBuilderBeanPostProcessor]? Check the corresponding BeanPostProcessor declaration and its dependencies.
2025-12-25 10:18:00.064 [main] INFO  o.s.b.w.e.tomcat.TomcatWebServer - Tomcat initialized with port 9000 (http)
2025-12-25 10:18:00.083 [main] INFO  o.a.coyote.http11.Http11NioProtocol - Initializing ProtocolHandler ["http-nio-9000"]
2025-12-25 10:18:00.085 [main] INFO  o.a.catalina.core.StandardService - Starting service [Tomcat]
2025-12-25 10:18:00.085 [main] INFO  o.a.catalina.core.StandardEngine - Starting Servlet engine: [Apache Tomcat/10.1.20]
2025-12-25 10:18:02.412 [main] INFO  o.s.c.g.r.RouteDefinitionRouteLocator - Loaded RoutePredicateFactory [After]
2025-12-25 10:18:02.412 [main] INFO  o.s.c.g.r.RouteDefinitionRouteLocator - Loaded RoutePredicateFactory [Before]
2025-12-25 10:18:02.413 [main] INFO  o.s.c.g.r.RouteDefinitionRouteLocator - Loaded RoutePredicateFactory [Between]
2025-12-25 10:18:02.413 [main] INFO  o.s.c.g.r.RouteDefinitionRouteLocator - Loaded RoutePredicateFactory [Cookie]
2025-12-25 10:18:02.413 [main] INFO  o.s.c.g.r.RouteDefinitionRouteLocator - Loaded RoutePredicateFactory [Header]
2025-12-25 10:18:02.413 [main] INFO  o.s.c.g.r.RouteDefinitionRouteLocator - Loaded RoutePredicateFactory [Host]
2025-12-25 10:18:02.413 [main] INFO  o.s.c.g.r.RouteDefinitionRouteLocator - Loaded RoutePredicateFactory [Method]
2025-12-25 10:18:02.413 [main] INFO  o.s.c.g.r.RouteDefinitionRouteLocator - Loaded RoutePredicateFactory [Path]
2025-12-25 10:18:02.413 [main] INFO  o.s.c.g.r.RouteDefinitionRouteLocator - Loaded RoutePredicateFactory [Query]
2025-12-25 10:18:02.413 [main] INFO  o.s.c.g.r.RouteDefinitionRouteLocator - Loaded RoutePredicateFactory [ReadBody]
2025-12-25 10:18:02.413 [main] INFO  o.s.c.g.r.RouteDefinitionRouteLocator - Loaded RoutePredicateFactory [RemoteAddr]
2025-12-25 10:18:02.413 [main] INFO  o.s.c.g.r.RouteDefinitionRouteLocator - Loaded RoutePredicateFactory [XForwardedRemoteAddr]
2025-12-25 10:18:02.413 [main] INFO  o.s.c.g.r.RouteDefinitionRouteLocator - Loaded RoutePredicateFactory [Weight]
2025-12-25 10:18:02.413 [main] INFO  o.s.c.g.r.RouteDefinitionRouteLocator - Loaded RoutePredicateFactory [CloudFoundryRouteService]
2025-12-25 10:18:03.084 [main] INFO  o.s.b.a.s.r.ReactiveUserDetailsServiceAutoConfiguration - 

Using generated security password: 499f021e-64eb-4124-ac84-729b94fd69bf

2025-12-25 10:18:03.135 [main] WARN  o.s.c.l.c.LoadBalancerCacheAutoConfiguration$LoadBalancerCaffeineWarnLogger - Spring Cloud LoadBalancer is currently working with the default cache. While this cache implementation is useful for development and tests, it's recommended to use Caffeine cache in production.You can switch to using Caffeine cache, by adding it and org.springframework.cache.caffeine.CaffeineCacheManager to the classpath.
2025-12-25 10:18:03.222 [main] INFO  o.a.coyote.http11.Http11NioProtocol - Starting ProtocolHandler ["http-nio-9000"]
2025-12-25 10:18:03.264 [main] INFO  o.s.b.w.e.tomcat.TomcatWebServer - Tomcat started on port 9000 (http) with context path ''
2025-12-25 10:18:03.788 [main] INFO  c.a.n.p.a.s.c.ClientAuthPluginManager - [ClientAuthPluginManager] Load ClientAuthService com.alibaba.nacos.client.auth.impl.NacosClientAuthServiceImpl success.
2025-12-25 10:18:03.788 [main] INFO  c.a.n.p.a.s.c.ClientAuthPluginManager - [ClientAuthPluginManager] Load ClientAuthService com.alibaba.nacos.client.auth.ram.RamClientAuthServiceImpl success.
2025-12-25 10:18:05.335 [main] INFO  c.a.n.c.a.AbstractAbilityControlManager - Ready to get current node abilities...
2025-12-25 10:18:05.336 [main] INFO  c.a.n.c.a.AbstractAbilityControlManager - Ready to initialize current node abilities, support modes: [SDK_CLIENT]
2025-12-25 10:18:05.338 [main] INFO  c.a.n.c.a.AbstractAbilityControlManager - Initialize current abilities finish...
2025-12-25 10:18:05.338 [main] INFO  c.a.n.c.a.d.NacosAbilityManagerHolder - [AbilityControlManager] Successfully initialize AbilityControlManager
2025-12-25 10:18:05.382 [main] INFO  c.a.c.n.r.NacosServiceRegistry - nacos registry, DEFAULT_GROUP exp-gateway 192.168.56.1:9000 register finished
2025-12-25 10:18:05.459 [main] INFO  jh.exp.gateway.GatewayApplication - Started GatewayApplication in 8.897 seconds (process running for 11.515)
2025-12-25 10:20:27.694 [idle-monitor-exp-gateway] INFO  SERVICE_IDLE_MONITOR - ====== [SERVICE_IDLE] [exp-gateway] 系统已进入休眠，等待激活 ======
2025-12-25 10:21:14.696 [http-nio-9000-exec-9] WARN  j.e.g.a.f.JwtAuthenticationFilter - 请求未携带 Token，被拒绝，path=/exp/auth/person/updatePersonInfo
2025-12-25 10:23:27.687 [idle-monitor-exp-gateway] INFO  SERVICE_IDLE_MONITOR - ====== [SERVICE_IDLE] [exp-gateway] 系统已进入休眠，等待激活 ======
2025-12-25 10:25:27.691 [idle-monitor-exp-gateway] INFO  SERVICE_IDLE_MONITOR - ====== [SERVICE_IDLE] [exp-gateway] 系统已进入休眠，等待激活 ======
2025-12-25 10:27:27.697 [idle-monitor-exp-gateway] INFO  SERVICE_IDLE_MONITOR - ====== [SERVICE_IDLE] [exp-gateway] 系统已进入休眠，等待激活 ======
2025-12-25 10:29:57.692 [idle-monitor-exp-gateway] INFO  SERVICE_IDLE_MONITOR - ====== [SERVICE_IDLE] [exp-gateway] 系统已进入休眠，等待激活 ======
2025-12-25 10:32:27.698 [idle-monitor-exp-gateway] INFO  SERVICE_IDLE_MONITOR - ====== [SERVICE_IDLE] [exp-gateway] 系统已进入休眠，等待激活 ======
2025-12-25 10:34:57.695 [idle-monitor-exp-gateway] INFO  SERVICE_IDLE_MONITOR - ====== [SERVICE_IDLE] [exp-gateway] 系统已进入休眠，等待激活 ======
2025-12-25 10:37:27.696 [idle-monitor-exp-gateway] INFO  SERVICE_IDLE_MONITOR - ====== [SERVICE_IDLE] [exp-gateway] 系统已进入休眠，等待激活 ======
2025-12-25 10:39:57.706 [idle-monitor-exp-gateway] INFO  SERVICE_IDLE_MONITOR - ====== [SERVICE_IDLE] [exp-gateway] 系统已进入休眠，等待激活 ======
2025-12-25 10:42:27.683 [idle-monitor-exp-gateway] INFO  SERVICE_IDLE_MONITOR - ====== [SERVICE_IDLE] [exp-gateway] 系统已进入休眠，等待激活 ======
2025-12-25 10:42:42.962 [http-nio-9000-exec-5] WARN  j.e.g.a.f.JwtAuthenticationFilter - 请求未携带 Token，被拒绝，path=/exp/auth/person/updatePersonInfo
2025-12-25 10:44:38.261 [lettuce-nioEventLoop-4-1] INFO  j.e.g.a.f.JwtAuthenticationFilter - JWT 鉴权通过，userId=1，path=/exp/auth/person/updatePersonInfo
2025-12-25 10:44:38.265 [lettuce-nioEventLoop-4-1] INFO  jh.exp.gateway.AccessLog - [ACCESS][REQUEST] traceId=df6c8f282aa34571b1a9b173b1ca92ed method=POST uri=/exp/auth/person/updatePersonInfo query=null ip=192.168.101.128 userId=1 userName=系统管理员
2025-12-25 10:44:38.465 [reactor-http-nio-4] INFO  jh.exp.gateway.AccessLog - [ACCESS][RESPONSE] traceId=df6c8f282aa34571b1a9b173b1ca92ed method=POST uri=/exp/auth/person/updatePersonInfo status=500 cost=199ms userId=1 userName=系统管理员
2025-12-25 10:46:27.494 [lettuce-nioEventLoop-4-1] INFO  j.e.g.a.f.JwtAuthenticationFilter - JWT 鉴权通过，userId=1，path=/exp/auth/person/queryPersonInfo
2025-12-25 10:46:27.494 [lettuce-nioEventLoop-4-1] INFO  jh.exp.gateway.AccessLog - [ACCESS][REQUEST] traceId=acd0fd7e686c484a966dc6b8d94e191f method=POST uri=/exp/auth/person/queryPersonInfo query=null ip=192.168.101.128 userId=1 userName=系统管理员
2025-12-25 10:46:27.520 [reactor-http-nio-5] INFO  jh.exp.gateway.AccessLog - [ACCESS][RESPONSE] traceId=acd0fd7e686c484a966dc6b8d94e191f method=POST uri=/exp/auth/person/queryPersonInfo status=400 cost=25ms userId=1 userName=系统管理员
2025-12-25 10:46:59.221 [lettuce-nioEventLoop-4-1] INFO  j.e.g.a.f.JwtAuthenticationFilter - JWT 鉴权通过，userId=1，path=/exp/auth/person/queryPersonInfo
2025-12-25 10:46:59.221 [lettuce-nioEventLoop-4-1] INFO  jh.exp.gateway.AccessLog - [ACCESS][REQUEST] traceId=6e3c6429a0464ae186cbc61fcd6caafc method=POST uri=/exp/auth/person/queryPersonInfo query=null ip=192.168.101.128 userId=1 userName=系统管理员
2025-12-25 10:46:59.239 [reactor-http-nio-6] INFO  jh.exp.gateway.AccessLog - [ACCESS][RESPONSE] traceId=6e3c6429a0464ae186cbc61fcd6caafc method=POST uri=/exp/auth/person/queryPersonInfo status=400 cost=18ms userId=1 userName=系统管理员
2025-12-25 10:47:08.471 [lettuce-nioEventLoop-4-1] INFO  j.e.g.a.f.JwtAuthenticationFilter - JWT 鉴权通过，userId=1，path=/exp/auth/person/queryPersonInfo
2025-12-25 10:47:08.472 [lettuce-nioEventLoop-4-1] INFO  jh.exp.gateway.AccessLog - [ACCESS][REQUEST] traceId=c89e220cce9d41a0ab87af242bc29426 method=POST uri=/exp/auth/person/queryPersonInfo query=null ip=192.168.101.128 userId=1 userName=系统管理员
2025-12-25 10:47:08.497 [reactor-http-nio-7] INFO  jh.exp.gateway.AccessLog - [ACCESS][RESPONSE] traceId=c89e220cce9d41a0ab87af242bc29426 method=POST uri=/exp/auth/person/queryPersonInfo status=400 cost=25ms userId=1 userName=系统管理员
2025-12-25 10:47:23.193 [lettuce-nioEventLoop-4-1] INFO  j.e.g.a.f.JwtAuthenticationFilter - JWT 鉴权通过，userId=1，path=/exp/auth/person/queryPersonInfo
2025-12-25 10:47:23.193 [lettuce-nioEventLoop-4-1] INFO  jh.exp.gateway.AccessLog - [ACCESS][REQUEST] traceId=4ec01dffccf440eca9b3f854082ab848 method=POST uri=/exp/auth/person/queryPersonInfo query=null ip=192.168.101.128 userId=1 userName=系统管理员
2025-12-25 10:47:23.209 [reactor-http-nio-8] INFO  jh.exp.gateway.AccessLog - [ACCESS][RESPONSE] traceId=4ec01dffccf440eca9b3f854082ab848 method=POST uri=/exp/auth/person/queryPersonInfo status=400 cost=16ms userId=1 userName=系统管理员
2025-12-25 10:49:27.683 [idle-monitor-exp-gateway] INFO  SERVICE_IDLE_MONITOR - ====== [SERVICE_IDLE] [exp-gateway] 系统已进入休眠，等待激活 ======
2025-12-25 10:51:27.696 [idle-monitor-exp-gateway] INFO  SERVICE_IDLE_MONITOR - ====== [SERVICE_IDLE] [exp-gateway] 系统已进入休眠，等待激活 ======
2025-12-25 10:53:57.690 [idle-monitor-exp-gateway] INFO  SERVICE_IDLE_MONITOR - ====== [SERVICE_IDLE] [exp-gateway] 系统已进入休眠，等待激活 ======
2025-12-25 10:56:27.697 [idle-monitor-exp-gateway] INFO  SERVICE_IDLE_MONITOR - ====== [SERVICE_IDLE] [exp-gateway] 系统已进入休眠，等待激活 ======
2025-12-25 10:58:57.693 [idle-monitor-exp-gateway] INFO  SERVICE_IDLE_MONITOR - ====== [SERVICE_IDLE] [exp-gateway] 系统已进入休眠，等待激活 ======
2025-12-25 11:01:27.685 [idle-monitor-exp-gateway] INFO  SERVICE_IDLE_MONITOR - ====== [SERVICE_IDLE] [exp-gateway] 系统已进入休眠，等待激活 ======
2025-12-25 11:03:27.689 [idle-monitor-exp-gateway] INFO  SERVICE_IDLE_MONITOR - ====== [SERVICE_IDLE] [exp-gateway] 系统已进入休眠，等待激活 ======
2025-12-25 11:05:27.692 [idle-monitor-exp-gateway] INFO  SERVICE_IDLE_MONITOR - ====== [SERVICE_IDLE] [exp-gateway] 系统已进入休眠，等待激活 ======
2025-12-25 11:07:57.691 [idle-monitor-exp-gateway] INFO  SERVICE_IDLE_MONITOR - ====== [SERVICE_IDLE] [exp-gateway] 系统已进入休眠，等待激活 ======
2025-12-25 11:09:57.697 [idle-monitor-exp-gateway] INFO  SERVICE_IDLE_MONITOR - ====== [SERVICE_IDLE] [exp-gateway] 系统已进入休眠，等待激活 ======
2025-12-25 11:12:27.692 [idle-monitor-exp-gateway] INFO  SERVICE_IDLE_MONITOR - ====== [SERVICE_IDLE] [exp-gateway] 系统已进入休眠，等待激活 ======
2025-12-25 11:14:57.684 [idle-monitor-exp-gateway] INFO  SERVICE_IDLE_MONITOR - ====== [SERVICE_IDLE] [exp-gateway] 系统已进入休眠，等待激活 ======
2025-12-25 11:16:57.685 [idle-monitor-exp-gateway] INFO  SERVICE_IDLE_MONITOR - ====== [SERVICE_IDLE] [exp-gateway] 系统已进入休眠，等待激活 ======
2025-12-25 11:18:57.690 [idle-monitor-exp-gateway] INFO  SERVICE_IDLE_MONITOR - ====== [SERVICE_IDLE] [exp-gateway] 系统已进入休眠，等待激活 ======
2025-12-25 11:21:27.698 [idle-monitor-exp-gateway] INFO  SERVICE_IDLE_MONITOR - ====== [SERVICE_IDLE] [exp-gateway] 系统已进入休眠，等待激活 ======
2025-12-25 11:23:57.689 [idle-monitor-exp-gateway] INFO  SERVICE_IDLE_MONITOR - ====== [SERVICE_IDLE] [exp-gateway] 系统已进入休眠，等待激活 ======
2025-12-25 11:24:33.103 [lettuce-nioEventLoop-4-1] INFO  j.e.g.a.f.JwtAuthenticationFilter - JWT 鉴权通过，userId=1，path=/exp/auth/person/queryPersonInfo
2025-12-25 11:24:33.103 [lettuce-nioEventLoop-4-1] INFO  jh.exp.gateway.AccessLog - [ACCESS][REQUEST] traceId=0aa601179a51474989900c1ccf21023c method=POST uri=/exp/auth/person/queryPersonInfo query=null ip=192.168.101.128 userId=1 userName=系统管理员
2025-12-25 11:24:33.256 [reactor-http-nio-1] INFO  jh.exp.gateway.AccessLog - [ACCESS][RESPONSE] traceId=0aa601179a51474989900c1ccf21023c method=POST uri=/exp/auth/person/queryPersonInfo status=200 cost=152ms userId=1 userName=系统管理员
2025-12-25 11:26:57.694 [idle-monitor-exp-gateway] INFO  SERVICE_IDLE_MONITOR - ====== [SERVICE_IDLE] [exp-gateway] 系统已进入休眠，等待激活 ======
2025-12-25 11:29:27.691 [idle-monitor-exp-gateway] INFO  SERVICE_IDLE_MONITOR - ====== [SERVICE_IDLE] [exp-gateway] 系统已进入休眠，等待激活 ======
2025-12-25 11:30:49.993 [lettuce-nioEventLoop-4-1] INFO  j.e.g.a.f.JwtAuthenticationFilter - JWT 鉴权通过，userId=1，path=/exp/auth/person/queryPersonInfo
2025-12-25 11:30:49.994 [lettuce-nioEventLoop-4-1] INFO  jh.exp.gateway.AccessLog - [ACCESS][REQUEST] traceId=55716972b0914e90aa6fa22e0054a8b0 method=POST uri=/exp/auth/person/queryPersonInfo query=null ip=192.168.101.128 userId=1 userName=系统管理员
2025-12-25 11:30:50.605 [reactor-http-nio-2] INFO  jh.exp.gateway.AccessLog - [ACCESS][RESPONSE] traceId=55716972b0914e90aa6fa22e0054a8b0 method=POST uri=/exp/auth/person/queryPersonInfo status=200 cost=609ms userId=1 userName=系统管理员
2025-12-25 11:31:55.500 [lettuce-nioEventLoop-4-1] INFO  j.e.g.a.f.JwtAuthenticationFilter - JWT 鉴权通过，userId=1，path=/exp/auth/person/updatePersonInfo
2025-12-25 11:31:55.500 [lettuce-nioEventLoop-4-1] INFO  jh.exp.gateway.AccessLog - [ACCESS][REQUEST] traceId=5b7308ff9ea74a52adf03d66159d9646 method=POST uri=/exp/auth/person/updatePersonInfo query=null ip=192.168.101.128 userId=1 userName=系统管理员
2025-12-25 11:31:55.643 [reactor-http-nio-3] INFO  jh.exp.gateway.AccessLog - [ACCESS][RESPONSE] traceId=5b7308ff9ea74a52adf03d66159d9646 method=POST uri=/exp/auth/person/updatePersonInfo status=200 cost=142ms userId=1 userName=系统管理员
2025-12-25 11:33:17.067 [lettuce-nioEventLoop-4-1] INFO  j.e.g.a.f.JwtAuthenticationFilter - JWT 鉴权通过，userId=1，path=/exp/auth/person/updatePersonInfo
2025-12-25 11:33:17.067 [lettuce-nioEventLoop-4-1] INFO  jh.exp.gateway.AccessLog - [ACCESS][REQUEST] traceId=f1cc3c6f74614235a6ae29baa0332458 method=POST uri=/exp/auth/person/updatePersonInfo query=null ip=192.168.101.128 userId=1 userName=系统管理员
2025-12-25 11:33:17.971 [reactor-http-nio-4] INFO  jh.exp.gateway.AccessLog - [ACCESS][RESPONSE] traceId=f1cc3c6f74614235a6ae29baa0332458 method=POST uri=/exp/auth/person/updatePersonInfo status=200 cost=904ms userId=1 userName=系统管理员
2025-12-25 11:35:27.687 [idle-monitor-exp-gateway] INFO  SERVICE_IDLE_MONITOR - ====== [SERVICE_IDLE] [exp-gateway] 系统已进入休眠，等待激活 ======
2025-12-25 11:37:22.207 [lettuce-nioEventLoop-4-1] INFO  j.e.g.a.f.JwtAuthenticationFilter - JWT 鉴权通过，userId=1，path=/exp/auth/person/updatePersonInfo
2025-12-25 11:37:22.207 [lettuce-nioEventLoop-4-1] INFO  jh.exp.gateway.AccessLog - [ACCESS][REQUEST] traceId=49f8378ca0114a43871ba0a080008fdc method=POST uri=/exp/auth/person/updatePersonInfo query=null ip=192.168.101.128 userId=1 userName=系统管理员
2025-12-25 11:37:22.620 [reactor-http-nio-5] INFO  jh.exp.gateway.AccessLog - [ACCESS][RESPONSE] traceId=49f8378ca0114a43871ba0a080008fdc method=POST uri=/exp/auth/person/updatePersonInfo status=200 cost=412ms userId=1 userName=系统管理员
2025-12-25 11:39:27.683 [idle-monitor-exp-gateway] INFO  SERVICE_IDLE_MONITOR - ====== [SERVICE_IDLE] [exp-gateway] 系统已进入休眠，等待激活 ======
2025-12-25 11:41:27.683 [idle-monitor-exp-gateway] INFO  SERVICE_IDLE_MONITOR - ====== [SERVICE_IDLE] [exp-gateway] 系统已进入休眠，等待激活 ======
2025-12-25 11:43:27.688 [idle-monitor-exp-gateway] INFO  SERVICE_IDLE_MONITOR - ====== [SERVICE_IDLE] [exp-gateway] 系统已进入休眠，等待激活 ======
2025-12-25 11:45:57.683 [idle-monitor-exp-gateway] INFO  SERVICE_IDLE_MONITOR - ====== [SERVICE_IDLE] [exp-gateway] 系统已进入休眠，等待激活 ======
2025-12-25 11:47:57.694 [idle-monitor-exp-gateway] INFO  SERVICE_IDLE_MONITOR - ====== [SERVICE_IDLE] [exp-gateway] 系统已进入休眠，等待激活 ======
2025-12-25 11:50:27.693 [idle-monitor-exp-gateway] INFO  SERVICE_IDLE_MONITOR - ====== [SERVICE_IDLE] [exp-gateway] 系统已进入休眠，等待激活 ======
2025-12-25 11:52:57.689 [idle-monitor-exp-gateway] INFO  SERVICE_IDLE_MONITOR - ====== [SERVICE_IDLE] [exp-gateway] 系统已进入休眠，等待激活 ======
2025-12-25 11:54:57.692 [idle-monitor-exp-gateway] INFO  SERVICE_IDLE_MONITOR - ====== [SERVICE_IDLE] [exp-gateway] 系统已进入休眠，等待激活 ======
2025-12-25 11:56:57.692 [idle-monitor-exp-gateway] INFO  SERVICE_IDLE_MONITOR - ====== [SERVICE_IDLE] [exp-gateway] 系统已进入休眠，等待激活 ======
2025-12-25 11:59:27.684 [idle-monitor-exp-gateway] INFO  SERVICE_IDLE_MONITOR - ====== [SERVICE_IDLE] [exp-gateway] 系统已进入休眠，等待激活 ======
2025-12-25 12:01:27.690 [idle-monitor-exp-gateway] INFO  SERVICE_IDLE_MONITOR - ====== [SERVICE_IDLE] [exp-gateway] 系统已进入休眠，等待激活 ======
2025-12-25 12:03:27.693 [idle-monitor-exp-gateway] INFO  SERVICE_IDLE_MONITOR - ====== [SERVICE_IDLE] [exp-gateway] 系统已进入休眠，等待激活 ======
2025-12-25 12:05:27.697 [idle-monitor-exp-gateway] INFO  SERVICE_IDLE_MONITOR - ====== [SERVICE_IDLE] [exp-gateway] 系统已进入休眠，等待激活 ======
2025-12-25 12:07:57.689 [idle-monitor-exp-gateway] INFO  SERVICE_IDLE_MONITOR - ====== [SERVICE_IDLE] [exp-gateway] 系统已进入休眠，等待激活 ======
2025-12-25 12:09:57.696 [idle-monitor-exp-gateway] INFO  SERVICE_IDLE_MONITOR - ====== [SERVICE_IDLE] [exp-gateway] 系统已进入休眠，等待激活 ======
2025-12-25 12:12:27.696 [idle-monitor-exp-gateway] INFO  SERVICE_IDLE_MONITOR - ====== [SERVICE_IDLE] [exp-gateway] 系统已进入休眠，等待激活 ======
2025-12-25 12:14:57.695 [idle-monitor-exp-gateway] INFO  SERVICE_IDLE_MONITOR - ====== [SERVICE_IDLE] [exp-gateway] 系统已进入休眠，等待激活 ======
2025-12-25 12:17:27.694 [idle-monitor-exp-gateway] INFO  SERVICE_IDLE_MONITOR - ====== [SERVICE_IDLE] [exp-gateway] 系统已进入休眠，等待激活 ======
2025-12-25 12:19:57.688 [idle-monitor-exp-gateway] INFO  SERVICE_IDLE_MONITOR - ====== [SERVICE_IDLE] [exp-gateway] 系统已进入休眠，等待激活 ======
2025-12-25 12:21:57.696 [idle-monitor-exp-gateway] INFO  SERVICE_IDLE_MONITOR - ====== [SERVICE_IDLE] [exp-gateway] 系统已进入休眠，等待激活 ======
2025-12-25 12:24:27.683 [idle-monitor-exp-gateway] INFO  SERVICE_IDLE_MONITOR - ====== [SERVICE_IDLE] [exp-gateway] 系统已进入休眠，等待激活 ======
2025-12-25 12:26:27.685 [idle-monitor-exp-gateway] INFO  SERVICE_IDLE_MONITOR - ====== [SERVICE_IDLE] [exp-gateway] 系统已进入休眠，等待激活 ======
2025-12-25 12:28:27.691 [idle-monitor-exp-gateway] INFO  SERVICE_IDLE_MONITOR - ====== [SERVICE_IDLE] [exp-gateway] 系统已进入休眠，等待激活 ======
2025-12-25 12:30:57.697 [idle-monitor-exp-gateway] INFO  SERVICE_IDLE_MONITOR - ====== [SERVICE_IDLE] [exp-gateway] 系统已进入休眠，等待激活 ======
2025-12-25 12:33:27.686 [idle-monitor-exp-gateway] INFO  SERVICE_IDLE_MONITOR - ====== [SERVICE_IDLE] [exp-gateway] 系统已进入休眠，等待激活 ======
2025-12-25 12:35:27.695 [idle-monitor-exp-gateway] INFO  SERVICE_IDLE_MONITOR - ====== [SERVICE_IDLE] [exp-gateway] 系统已进入休眠，等待激活 ======
2025-12-25 12:37:57.697 [idle-monitor-exp-gateway] INFO  SERVICE_IDLE_MONITOR - ====== [SERVICE_IDLE] [exp-gateway] 系统已进入休眠，等待激活 ======
2025-12-25 12:40:27.689 [idle-monitor-exp-gateway] INFO  SERVICE_IDLE_MONITOR - ====== [SERVICE_IDLE] [exp-gateway] 系统已进入休眠，等待激活 ======
2025-12-25 12:42:27.690 [idle-monitor-exp-gateway] INFO  SERVICE_IDLE_MONITOR - ====== [SERVICE_IDLE] [exp-gateway] 系统已进入休眠，等待激活 ======
2025-12-25 12:44:57.686 [idle-monitor-exp-gateway] INFO  SERVICE_IDLE_MONITOR - ====== [SERVICE_IDLE] [exp-gateway] 系统已进入休眠，等待激活 ======
2025-12-25 12:46:57.696 [idle-monitor-exp-gateway] INFO  SERVICE_IDLE_MONITOR - ====== [SERVICE_IDLE] [exp-gateway] 系统已进入休眠，等待激活 ======
2025-12-25 12:48:57.698 [idle-monitor-exp-gateway] INFO  SERVICE_IDLE_MONITOR - ====== [SERVICE_IDLE] [exp-gateway] 系统已进入休眠，等待激活 ======
2025-12-25 12:51:27.698 [idle-monitor-exp-gateway] INFO  SERVICE_IDLE_MONITOR - ====== [SERVICE_IDLE] [exp-gateway] 系统已进入休眠，等待激活 ======
2025-12-25 12:53:57.684 [idle-monitor-exp-gateway] INFO  SERVICE_IDLE_MONITOR - ====== [SERVICE_IDLE] [exp-gateway] 系统已进入休眠，等待激活 ======
2025-12-25 12:55:57.690 [idle-monitor-exp-gateway] INFO  SERVICE_IDLE_MONITOR - ====== [SERVICE_IDLE] [exp-gateway] 系统已进入休眠，等待激活 ======
2025-12-25 12:58:27.689 [idle-monitor-exp-gateway] INFO  SERVICE_IDLE_MONITOR - ====== [SERVICE_IDLE] [exp-gateway] 系统已进入休眠，等待激活 ======
2025-12-25 13:00:27.694 [idle-monitor-exp-gateway] INFO  SERVICE_IDLE_MONITOR - ====== [SERVICE_IDLE] [exp-gateway] 系统已进入休眠，等待激活 ======
2025-12-25 13:02:27.694 [idle-monitor-exp-gateway] INFO  SERVICE_IDLE_MONITOR - ====== [SERVICE_IDLE] [exp-gateway] 系统已进入休眠，等待激活 ======
2025-12-25 13:04:57.683 [idle-monitor-exp-gateway] INFO  SERVICE_IDLE_MONITOR - ====== [SERVICE_IDLE] [exp-gateway] 系统已进入休眠，等待激活 ======
2025-12-25 13:06:57.689 [idle-monitor-exp-gateway] INFO  SERVICE_IDLE_MONITOR - ====== [SERVICE_IDLE] [exp-gateway] 系统已进入休眠，等待激活 ======
2025-12-25 13:08:57.694 [idle-monitor-exp-gateway] INFO  SERVICE_IDLE_MONITOR - ====== [SERVICE_IDLE] [exp-gateway] 系统已进入休眠，等待激活 ======
2025-12-25 13:11:27.696 [idle-monitor-exp-gateway] INFO  SERVICE_IDLE_MONITOR - ====== [SERVICE_IDLE] [exp-gateway] 系统已进入休眠，等待激活 ======
2025-12-25 13:13:57.686 [idle-monitor-exp-gateway] INFO  SERVICE_IDLE_MONITOR - ====== [SERVICE_IDLE] [exp-gateway] 系统已进入休眠，等待激活 ======
2025-12-25 13:15:57.693 [idle-monitor-exp-gateway] INFO  SERVICE_IDLE_MONITOR - ====== [SERVICE_IDLE] [exp-gateway] 系统已进入休眠，等待激活 ======
2025-12-25 13:17:57.698 [idle-monitor-exp-gateway] INFO  SERVICE_IDLE_MONITOR - ====== [SERVICE_IDLE] [exp-gateway] 系统已进入休眠，等待激活 ======
2025-12-25 13:20:27.688 [idle-monitor-exp-gateway] INFO  SERVICE_IDLE_MONITOR - ====== [SERVICE_IDLE] [exp-gateway] 系统已进入休眠，等待激活 ======
2025-12-25 13:22:57.690 [idle-monitor-exp-gateway] INFO  SERVICE_IDLE_MONITOR - ====== [SERVICE_IDLE] [exp-gateway] 系统已进入休眠，等待激活 ======
2025-12-25 13:24:57.697 [idle-monitor-exp-gateway] INFO  SERVICE_IDLE_MONITOR - ====== [SERVICE_IDLE] [exp-gateway] 系统已进入休眠，等待激活 ======
2025-12-25 13:27:27.691 [idle-monitor-exp-gateway] INFO  SERVICE_IDLE_MONITOR - ====== [SERVICE_IDLE] [exp-gateway] 系统已进入休眠，等待激活 ======
2025-12-25 13:29:57.694 [idle-monitor-exp-gateway] INFO  SERVICE_IDLE_MONITOR - ====== [SERVICE_IDLE] [exp-gateway] 系统已进入休眠，等待激活 ======
2025-12-25 13:32:27.690 [idle-monitor-exp-gateway] INFO  SERVICE_IDLE_MONITOR - ====== [SERVICE_IDLE] [exp-gateway] 系统已进入休眠，等待激活 ======
2025-12-25 13:34:57.689 [idle-monitor-exp-gateway] INFO  SERVICE_IDLE_MONITOR - ====== [SERVICE_IDLE] [exp-gateway] 系统已进入休眠，等待激活 ======
2025-12-25 13:36:57.695 [idle-monitor-exp-gateway] INFO  SERVICE_IDLE_MONITOR - ====== [SERVICE_IDLE] [exp-gateway] 系统已进入休眠，等待激活 ======
2025-12-25 13:39:27.684 [idle-monitor-exp-gateway] INFO  SERVICE_IDLE_MONITOR - ====== [SERVICE_IDLE] [exp-gateway] 系统已进入休眠，等待激活 ======
2025-12-25 13:41:27.695 [idle-monitor-exp-gateway] INFO  SERVICE_IDLE_MONITOR - ====== [SERVICE_IDLE] [exp-gateway] 系统已进入休眠，等待激活 ======
2025-12-25 13:43:57.697 [idle-monitor-exp-gateway] INFO  SERVICE_IDLE_MONITOR - ====== [SERVICE_IDLE] [exp-gateway] 系统已进入休眠，等待激活 ======
2025-12-25 13:46:27.693 [idle-monitor-exp-gateway] INFO  SERVICE_IDLE_MONITOR - ====== [SERVICE_IDLE] [exp-gateway] 系统已进入休眠，等待激活 ======
2025-12-25 13:48:57.686 [idle-monitor-exp-gateway] INFO  SERVICE_IDLE_MONITOR - ====== [SERVICE_IDLE] [exp-gateway] 系统已进入休眠，等待激活 ======
2025-12-25 13:50:57.696 [idle-monitor-exp-gateway] INFO  SERVICE_IDLE_MONITOR - ====== [SERVICE_IDLE] [exp-gateway] 系统已进入休眠，等待激活 ======
2025-12-25 13:52:57.699 [idle-monitor-exp-gateway] INFO  SERVICE_IDLE_MONITOR - ====== [SERVICE_IDLE] [exp-gateway] 系统已进入休眠，等待激活 ======
2025-12-25 13:55:27.691 [idle-monitor-exp-gateway] INFO  SERVICE_IDLE_MONITOR - ====== [SERVICE_IDLE] [exp-gateway] 系统已进入休眠，等待激活 ======
2025-12-25 13:57:27.698 [idle-monitor-exp-gateway] INFO  SERVICE_IDLE_MONITOR - ====== [SERVICE_IDLE] [exp-gateway] 系统已进入休眠，等待激活 ======
2025-12-25 13:59:57.697 [idle-monitor-exp-gateway] INFO  SERVICE_IDLE_MONITOR - ====== [SERVICE_IDLE] [exp-gateway] 系统已进入休眠，等待激活 ======
2025-12-25 14:02:27.692 [idle-monitor-exp-gateway] INFO  SERVICE_IDLE_MONITOR - ====== [SERVICE_IDLE] [exp-gateway] 系统已进入休眠，等待激活 ======
2025-12-25 14:04:57.686 [idle-monitor-exp-gateway] INFO  SERVICE_IDLE_MONITOR - ====== [SERVICE_IDLE] [exp-gateway] 系统已进入休眠，等待激活 ======
2025-12-25 14:06:57.691 [idle-monitor-exp-gateway] INFO  SERVICE_IDLE_MONITOR - ====== [SERVICE_IDLE] [exp-gateway] 系统已进入休眠，等待激活 ======
2025-12-25 14:09:27.693 [idle-monitor-exp-gateway] INFO  SERVICE_IDLE_MONITOR - ====== [SERVICE_IDLE] [exp-gateway] 系统已进入休眠，等待激活 ======
2025-12-25 14:11:27.695 [idle-monitor-exp-gateway] INFO  SERVICE_IDLE_MONITOR - ====== [SERVICE_IDLE] [exp-gateway] 系统已进入休眠，等待激活 ======
2025-12-25 14:13:57.687 [idle-monitor-exp-gateway] INFO  SERVICE_IDLE_MONITOR - ====== [SERVICE_IDLE] [exp-gateway] 系统已进入休眠，等待激活 ======
2025-12-25 14:15:57.709 [idle-monitor-exp-gateway] INFO  SERVICE_IDLE_MONITOR - ====== [SERVICE_IDLE] [exp-gateway] 系统已进入休眠，等待激活 ======
2025-12-25 14:18:27.694 [idle-monitor-exp-gateway] INFO  SERVICE_IDLE_MONITOR - ====== [SERVICE_IDLE] [exp-gateway] 系统已进入休眠，等待激活 ======
2025-12-25 14:20:57.688 [idle-monitor-exp-gateway] INFO  SERVICE_IDLE_MONITOR - ====== [SERVICE_IDLE] [exp-gateway] 系统已进入休眠，等待激活 ======
2025-12-25 14:21:40.964 [lettuce-nioEventLoop-4-1] INFO  i.l.core.protocol.CommandHandler - null Unexpected exception during request: java.net.SocketException: Connection reset
java.net.SocketException: Connection reset
	at java.base/sun.nio.ch.SocketChannelImpl.throwConnectionReset(SocketChannelImpl.java:394)
	at java.base/sun.nio.ch.SocketChannelImpl.read(SocketChannelImpl.java:426)
	at io.netty.buffer.PooledByteBuf.setBytes(PooledByteBuf.java:255)
	at io.netty.buffer.AbstractByteBuf.writeBytes(AbstractByteBuf.java:1132)
	at io.netty.channel.socket.nio.NioSocketChannel.doReadBytes(NioSocketChannel.java:357)
	at io.netty.channel.nio.AbstractNioByteChannel$NioByteUnsafe.read(AbstractNioByteChannel.java:151)
	at io.netty.channel.nio.NioEventLoop.processSelectedKey(NioEventLoop.java:788)
	at io.netty.channel.nio.NioEventLoop.processSelectedKeysOptimized(NioEventLoop.java:724)
	at io.netty.channel.nio.NioEventLoop.processSelectedKeys(NioEventLoop.java:650)
	at io.netty.channel.nio.NioEventLoop.run(NioEventLoop.java:562)
	at io.netty.util.concurrent.SingleThreadEventExecutor$4.run(SingleThreadEventExecutor.java:997)
	at io.netty.util.internal.ThreadExecutorMap$2.run(ThreadExecutorMap.java:74)
	at io.netty.util.concurrent.FastThreadLocalRunnable.run(FastThreadLocalRunnable.java:30)
	at java.base/java.lang.Thread.run(Thread.java:842)
2025-12-25 14:21:41.171 [lettuce-eventExecutorLoop-1-2] INFO  i.l.core.protocol.ConnectionWatchdog - Reconnecting, last destination was /192.168.101.128:6379
2025-12-25 14:21:41.295 [lettuce-nioEventLoop-4-2] INFO  i.l.c.protocol.ReconnectionHandler - Reconnected to 192.168.101.128/<unresolved>:6379
2025-12-25 14:23:57.693 [idle-monitor-exp-gateway] INFO  SERVICE_IDLE_MONITOR - ====== [SERVICE_IDLE] [exp-gateway] 系统已进入休眠，等待激活 ======
2025-12-25 14:26:27.685 [idle-monitor-exp-gateway] INFO  SERVICE_IDLE_MONITOR - ====== [SERVICE_IDLE] [exp-gateway] 系统已进入休眠，等待激活 ======
2025-12-25 14:28:27.694 [idle-monitor-exp-gateway] INFO  SERVICE_IDLE_MONITOR - ====== [SERVICE_IDLE] [exp-gateway] 系统已进入休眠，等待激活 ======
2025-12-25 14:30:27.694 [idle-monitor-exp-gateway] INFO  SERVICE_IDLE_MONITOR - ====== [SERVICE_IDLE] [exp-gateway] 系统已进入休眠，等待激活 ======
2025-12-25 14:32:57.703 [idle-monitor-exp-gateway] INFO  SERVICE_IDLE_MONITOR - ====== [SERVICE_IDLE] [exp-gateway] 系统已进入休眠，等待激活 ======
2025-12-25 14:35:27.696 [idle-monitor-exp-gateway] INFO  SERVICE_IDLE_MONITOR - ====== [SERVICE_IDLE] [exp-gateway] 系统已进入休眠，等待激活 ======
2025-12-25 14:37:57.690 [idle-monitor-exp-gateway] INFO  SERVICE_IDLE_MONITOR - ====== [SERVICE_IDLE] [exp-gateway] 系统已进入休眠，等待激活 ======
2025-12-25 14:39:57.698 [idle-monitor-exp-gateway] INFO  SERVICE_IDLE_MONITOR - ====== [SERVICE_IDLE] [exp-gateway] 系统已进入休眠，等待激活 ======
2025-12-25 14:42:27.686 [idle-monitor-exp-gateway] INFO  SERVICE_IDLE_MONITOR - ====== [SERVICE_IDLE] [exp-gateway] 系统已进入休眠，等待激活 ======
2025-12-25 14:44:57.696 [idle-monitor-exp-gateway] INFO  SERVICE_IDLE_MONITOR - ====== [SERVICE_IDLE] [exp-gateway] 系统已进入休眠，等待激活 ======
2025-12-25 14:47:27.696 [idle-monitor-exp-gateway] INFO  SERVICE_IDLE_MONITOR - ====== [SERVICE_IDLE] [exp-gateway] 系统已进入休眠，等待激活 ======
2025-12-25 14:49:19.334 [lettuce-nioEventLoop-4-2] INFO  i.l.core.protocol.CommandHandler - null Unexpected exception during request: java.net.SocketException: Connection reset
java.net.SocketException: Connection reset
	at java.base/sun.nio.ch.SocketChannelImpl.throwConnectionReset(SocketChannelImpl.java:394)
	at java.base/sun.nio.ch.SocketChannelImpl.read(SocketChannelImpl.java:426)
	at io.netty.buffer.PooledByteBuf.setBytes(PooledByteBuf.java:255)
	at io.netty.buffer.AbstractByteBuf.writeBytes(AbstractByteBuf.java:1132)
	at io.netty.channel.socket.nio.NioSocketChannel.doReadBytes(NioSocketChannel.java:357)
	at io.netty.channel.nio.AbstractNioByteChannel$NioByteUnsafe.read(AbstractNioByteChannel.java:151)
	at io.netty.channel.nio.NioEventLoop.processSelectedKey(NioEventLoop.java:788)
	at io.netty.channel.nio.NioEventLoop.processSelectedKeysOptimized(NioEventLoop.java:724)
	at io.netty.channel.nio.NioEventLoop.processSelectedKeys(NioEventLoop.java:650)
	at io.netty.channel.nio.NioEventLoop.run(NioEventLoop.java:562)
	at io.netty.util.concurrent.SingleThreadEventExecutor$4.run(SingleThreadEventExecutor.java:997)
	at io.netty.util.internal.ThreadExecutorMap$2.run(ThreadExecutorMap.java:74)
	at io.netty.util.concurrent.FastThreadLocalRunnable.run(FastThreadLocalRunnable.java:30)
	at java.base/java.lang.Thread.run(Thread.java:842)
2025-12-25 14:49:19.347 [lettuce-eventExecutorLoop-1-3] INFO  i.l.core.protocol.ConnectionWatchdog - Reconnecting, last destination was /192.168.101.128:6379
2025-12-25 14:49:19.374 [lettuce-nioEventLoop-4-3] INFO  i.l.c.protocol.ReconnectionHandler - Reconnected to 192.168.101.128/<unresolved>:6379
2025-12-25 14:51:27.688 [idle-monitor-exp-gateway] INFO  SERVICE_IDLE_MONITOR - ====== [SERVICE_IDLE] [exp-gateway] 系统已进入休眠，等待激活 ======
2025-12-25 14:53:27.696 [idle-monitor-exp-gateway] INFO  SERVICE_IDLE_MONITOR - ====== [SERVICE_IDLE] [exp-gateway] 系统已进入休眠，等待激活 ======
2025-12-25 14:55:57.696 [idle-monitor-exp-gateway] INFO  SERVICE_IDLE_MONITOR - ====== [SERVICE_IDLE] [exp-gateway] 系统已进入休眠，等待激活 ======
2025-12-25 14:58:27.689 [idle-monitor-exp-gateway] INFO  SERVICE_IDLE_MONITOR - ====== [SERVICE_IDLE] [exp-gateway] 系统已进入休眠，等待激活 ======
2025-12-25 15:00:57.697 [idle-monitor-exp-gateway] INFO  SERVICE_IDLE_MONITOR - ====== [SERVICE_IDLE] [exp-gateway] 系统已进入休眠，等待激活 ======
2025-12-25 15:03:27.692 [idle-monitor-exp-gateway] INFO  SERVICE_IDLE_MONITOR - ====== [SERVICE_IDLE] [exp-gateway] 系统已进入休眠，等待激活 ======
2025-12-25 15:05:27.693 [idle-monitor-exp-gateway] INFO  SERVICE_IDLE_MONITOR - ====== [SERVICE_IDLE] [exp-gateway] 系统已进入休眠，等待激活 ======
2025-12-25 15:07:27.693 [idle-monitor-exp-gateway] INFO  SERVICE_IDLE_MONITOR - ====== [SERVICE_IDLE] [exp-gateway] 系统已进入休眠，等待激活 ======
2025-12-25 15:09:27.696 [idle-monitor-exp-gateway] INFO  SERVICE_IDLE_MONITOR - ====== [SERVICE_IDLE] [exp-gateway] 系统已进入休眠，等待激活 ======
2025-12-25 15:11:27.696 [idle-monitor-exp-gateway] INFO  SERVICE_IDLE_MONITOR - ====== [SERVICE_IDLE] [exp-gateway] 系统已进入休眠，等待激活 ======
2025-12-25 15:12:00.336 [http-nio-9000-exec-8] WARN  j.e.g.a.f.JwtAuthenticationFilter - Token 解析失败，被拒绝，path=/exp/auth/person/updatePersonInfo，error=JWT expired at 2025-12-25T04:44:04Z. Current time: 2025-12-25T07:12:00Z, a difference of 8876325 milliseconds.  Allowed clock skew: 0 milliseconds.
2025-12-25 15:12:20.206 [lettuce-nioEventLoop-4-3] INFO  j.e.g.a.f.JwtAuthenticationFilter - JWT 鉴权通过，userId=1，path=/exp/auth/person/queryPersonInfo
2025-12-25 15:12:20.207 [lettuce-nioEventLoop-4-3] INFO  jh.exp.gateway.AccessLog - [ACCESS][REQUEST] traceId=9e77cf9f678f4679a2fef326ed762758 method=POST uri=/exp/auth/person/queryPersonInfo query=null ip=192.168.101.128 userId=1 userName=系统管理员
2025-12-25 15:12:20.278 [reactor-http-nio-7] INFO  jh.exp.gateway.AccessLog - [ACCESS][RESPONSE] traceId=9e77cf9f678f4679a2fef326ed762758 method=POST uri=/exp/auth/person/queryPersonInfo status=200 cost=70ms userId=1 userName=系统管理员
