2025-12-23 20:39:43.276 [main] INFO  c.a.n.client.logging.NacosLogging - Nacos Logging Adapter Builder: com.alibaba.nacos.logger.adapter.logback12.LogbackNacosLoggingAdapterBuilder
2025-12-23 20:39:43.281 [main] INFO  c.a.n.client.logging.NacosLogging - Nacos Logging Adapter Builder: com.alibaba.nacos.logger.adapter.logback14.LogbackNacosLoggingAdapterBuilder
2025-12-23 20:39:43.282 [main] INFO  c.a.n.client.logging.NacosLogging - Nacos Logging Adapter: com.alibaba.nacos.logger.adapter.logback14.LogbackNacosLoggingAdapter match ch.qos.logback.classic.Logger success.
2025-12-23 20:39:43.293 [main] INFO  c.a.n.client.logging.NacosLogging - Nacos Logging Adapter Builder: com.alibaba.nacos.logger.adapter.log4j2.Log4j2NacosLoggingAdapterBuilder
2025-12-23 20:39:43.302 [background-preinit] INFO  o.h.validator.internal.util.Version - HV000001: Hibernate Validator 8.0.1.Final
2025-12-23 20:39:43.468 [main] INFO  jh.exp.gateway.GatewayApplication - Starting GatewayApplication using Java 17.0.12 with PID 25792 (D:\ieda_deta\exp_v2\exp-gateway\exp-gateway-service\target\classes started by Administrator in D:\ieda_deta\exp_v2)
2025-12-23 20:39:43.469 [main] INFO  jh.exp.gateway.GatewayApplication - No active profile set, falling back to 1 default profile: "default"
2025-12-23 20:39:44.524 [main] INFO  o.s.d.r.c.RepositoryConfigurationDelegate - Multiple Spring Data modules found, entering strict repository configuration mode
2025-12-23 20:39:44.528 [main] INFO  o.s.d.r.c.RepositoryConfigurationDelegate - Bootstrapping Spring Data Redis repositories in DEFAULT mode.
2025-12-23 20:39:44.563 [main] INFO  o.s.d.r.c.RepositoryConfigurationDelegate - Finished Spring Data repository scanning in 15 ms. Found 0 Redis repository interfaces.
2025-12-23 20:39:44.865 [main] INFO  o.s.cloud.context.scope.GenericScope - BeanFactory id=7e6e0df0-e3ba-3e0b-bf3a-2ad4627fb87b
2025-12-23 20:39:44.989 [main] WARN  o.s.c.s.PostProcessorRegistrationDelegate$BeanPostProcessorChecker - Bean 'org.springframework.cloud.client.loadbalancer.LoadBalancerAutoConfiguration$DeferringLoadBalancerInterceptorConfig' of type [org.springframework.cloud.client.loadbalancer.LoadBalancerAutoConfiguration$DeferringLoadBalancerInterceptorConfig] is not eligible for getting processed by all BeanPostProcessors (for example: not eligible for auto-proxying). The currently created BeanPostProcessor [lbRestClientPostProcessor] is declared through a non-static factory method on that class; consider declaring it as static instead.
2025-12-23 20:39:44.992 [main] WARN  o.s.c.s.PostProcessorRegistrationDelegate$BeanPostProcessorChecker - Bean 'deferringLoadBalancerInterceptor' of type [org.springframework.cloud.client.loadbalancer.DeferringLoadBalancerInterceptor] is not eligible for getting processed by all BeanPostProcessors (for example: not eligible for auto-proxying). Is this bean getting eagerly injected into a currently created BeanPostProcessor [lbRestClientPostProcessor]? Check the corresponding BeanPostProcessor declaration and its dependencies.
2025-12-23 20:39:44.993 [main] WARN  o.s.c.s.PostProcessorRegistrationDelegate$BeanPostProcessorChecker - Bean 'org.springframework.cloud.client.loadbalancer.reactive.LoadBalancerBeanPostProcessorAutoConfiguration' of type [org.springframework.cloud.client.loadbalancer.reactive.LoadBalancerBeanPostProcessorAutoConfiguration] is not eligible for getting processed by all BeanPostProcessors (for example: not eligible for auto-proxying). The currently created BeanPostProcessor [loadBalancerWebClientBuilderBeanPostProcessor] is declared through a non-static factory method on that class; consider declaring it as static instead.
2025-12-23 20:39:44.994 [main] WARN  o.s.c.s.PostProcessorRegistrationDelegate$BeanPostProcessorChecker - Bean 'org.springframework.cloud.client.loadbalancer.reactive.LoadBalancerBeanPostProcessorAutoConfiguration$ReactorDeferringLoadBalancerFilterConfig' of type [org.springframework.cloud.client.loadbalancer.reactive.LoadBalancerBeanPostProcessorAutoConfiguration$ReactorDeferringLoadBalancerFilterConfig] is not eligible for getting processed by all BeanPostProcessors (for example: not eligible for auto-proxying). Is this bean getting eagerly injected into a currently created BeanPostProcessor [loadBalancerWebClientBuilderBeanPostProcessor]? Check the corresponding BeanPostProcessor declaration and its dependencies.
2025-12-23 20:39:44.996 [main] WARN  o.s.c.s.PostProcessorRegistrationDelegate$BeanPostProcessorChecker - Bean 'reactorDeferringLoadBalancerExchangeFilterFunction' of type [org.springframework.cloud.client.loadbalancer.reactive.DeferringLoadBalancerExchangeFilterFunction] is not eligible for getting processed by all BeanPostProcessors (for example: not eligible for auto-proxying). Is this bean getting eagerly injected into a currently created BeanPostProcessor [loadBalancerWebClientBuilderBeanPostProcessor]? Check the corresponding BeanPostProcessor declaration and its dependencies.
2025-12-23 20:39:45.263 [main] INFO  o.s.b.w.e.tomcat.TomcatWebServer - Tomcat initialized with port 9000 (http)
2025-12-23 20:39:45.277 [main] INFO  o.a.coyote.http11.Http11NioProtocol - Initializing ProtocolHandler ["http-nio-9000"]
2025-12-23 20:39:45.279 [main] INFO  o.a.catalina.core.StandardService - Starting service [Tomcat]
2025-12-23 20:39:45.279 [main] INFO  o.a.catalina.core.StandardEngine - Starting Servlet engine: [Apache Tomcat/10.1.20]
2025-12-23 20:39:47.216 [main] INFO  o.s.c.g.r.RouteDefinitionRouteLocator - Loaded RoutePredicateFactory [After]
2025-12-23 20:39:47.216 [main] INFO  o.s.c.g.r.RouteDefinitionRouteLocator - Loaded RoutePredicateFactory [Before]
2025-12-23 20:39:47.216 [main] INFO  o.s.c.g.r.RouteDefinitionRouteLocator - Loaded RoutePredicateFactory [Between]
2025-12-23 20:39:47.216 [main] INFO  o.s.c.g.r.RouteDefinitionRouteLocator - Loaded RoutePredicateFactory [Cookie]
2025-12-23 20:39:47.216 [main] INFO  o.s.c.g.r.RouteDefinitionRouteLocator - Loaded RoutePredicateFactory [Header]
2025-12-23 20:39:47.216 [main] INFO  o.s.c.g.r.RouteDefinitionRouteLocator - Loaded RoutePredicateFactory [Host]
2025-12-23 20:39:47.216 [main] INFO  o.s.c.g.r.RouteDefinitionRouteLocator - Loaded RoutePredicateFactory [Method]
2025-12-23 20:39:47.216 [main] INFO  o.s.c.g.r.RouteDefinitionRouteLocator - Loaded RoutePredicateFactory [Path]
2025-12-23 20:39:47.216 [main] INFO  o.s.c.g.r.RouteDefinitionRouteLocator - Loaded RoutePredicateFactory [Query]
2025-12-23 20:39:47.216 [main] INFO  o.s.c.g.r.RouteDefinitionRouteLocator - Loaded RoutePredicateFactory [ReadBody]
2025-12-23 20:39:47.216 [main] INFO  o.s.c.g.r.RouteDefinitionRouteLocator - Loaded RoutePredicateFactory [RemoteAddr]
2025-12-23 20:39:47.217 [main] INFO  o.s.c.g.r.RouteDefinitionRouteLocator - Loaded RoutePredicateFactory [XForwardedRemoteAddr]
2025-12-23 20:39:47.217 [main] INFO  o.s.c.g.r.RouteDefinitionRouteLocator - Loaded RoutePredicateFactory [Weight]
2025-12-23 20:39:47.217 [main] INFO  o.s.c.g.r.RouteDefinitionRouteLocator - Loaded RoutePredicateFactory [CloudFoundryRouteService]
2025-12-23 20:39:48.135 [main] INFO  o.s.b.a.s.r.ReactiveUserDetailsServiceAutoConfiguration - 

Using generated security password: c58193d5-bd75-4780-a78a-a32c801677c8

2025-12-23 20:39:48.205 [main] WARN  o.s.c.l.c.LoadBalancerCacheAutoConfiguration$LoadBalancerCaffeineWarnLogger - Spring Cloud LoadBalancer is currently working with the default cache. While this cache implementation is useful for development and tests, it's recommended to use Caffeine cache in production.You can switch to using Caffeine cache, by adding it and org.springframework.cache.caffeine.CaffeineCacheManager to the classpath.
2025-12-23 20:39:48.289 [main] INFO  o.a.coyote.http11.Http11NioProtocol - Starting ProtocolHandler ["http-nio-9000"]
2025-12-23 20:39:48.319 [main] INFO  o.s.b.w.e.tomcat.TomcatWebServer - Tomcat started on port 9000 (http) with context path ''
2025-12-23 20:39:48.813 [main] INFO  c.a.n.p.a.s.c.ClientAuthPluginManager - [ClientAuthPluginManager] Load ClientAuthService com.alibaba.nacos.client.auth.impl.NacosClientAuthServiceImpl success.
2025-12-23 20:39:48.814 [main] INFO  c.a.n.p.a.s.c.ClientAuthPluginManager - [ClientAuthPluginManager] Load ClientAuthService com.alibaba.nacos.client.auth.ram.RamClientAuthServiceImpl success.
2025-12-23 20:39:50.346 [main] INFO  c.a.n.c.a.AbstractAbilityControlManager - Ready to get current node abilities...
2025-12-23 20:39:50.348 [main] INFO  c.a.n.c.a.AbstractAbilityControlManager - Ready to initialize current node abilities, support modes: [SDK_CLIENT]
2025-12-23 20:39:50.349 [main] INFO  c.a.n.c.a.AbstractAbilityControlManager - Initialize current abilities finish...
2025-12-23 20:39:50.349 [main] INFO  c.a.n.c.a.d.NacosAbilityManagerHolder - [AbilityControlManager] Successfully initialize AbilityControlManager
2025-12-23 20:39:50.398 [main] INFO  c.a.c.n.r.NacosServiceRegistry - nacos registry, DEFAULT_GROUP exp-gateway 192.168.56.1:9000 register finished
2025-12-23 20:39:50.465 [main] INFO  jh.exp.gateway.GatewayApplication - Started GatewayApplication in 8.186 seconds (process running for 9.487)
2025-12-23 20:42:13.272 [idle-monitor-exp-gateway] INFO  SERVICE_IDLE_MONITOR - ====== [SERVICE_IDLE] [exp-gateway] 系统已进入休眠，等待激活 ======
2025-12-23 20:42:56.722 [Thread-17] WARN  c.a.nacos.common.notify.NotifyCenter - [NotifyCenter] Start destroying Publisher
2025-12-23 20:42:56.723 [Thread-17] WARN  c.a.nacos.common.notify.NotifyCenter - [NotifyCenter] Destruction of the end
2025-12-23 20:42:56.744 [Thread-2] WARN  c.a.n.c.executor.ThreadPoolManager - [ThreadPoolManager] Start destroying ThreadPool
2025-12-23 20:42:56.745 [Thread-2] WARN  c.a.n.c.executor.ThreadPoolManager - [ThreadPoolManager] Destruction of the end
2025-12-23 20:42:56.744 [Thread-19] WARN  c.a.n.c.http.HttpClientBeanHolder - [HttpClientBeanHolder] Start destroying common HttpClient
2025-12-23 20:42:56.747 [SpringApplicationShutdownHook] INFO  c.a.c.n.r.NacosServiceRegistry - De-registering from Nacos Server now...
2025-12-23 20:42:56.749 [Thread-19] WARN  c.a.n.c.http.HttpClientBeanHolder - [HttpClientBeanHolder] Destruction of the end
2025-12-23 20:42:56.758 [SpringApplicationShutdownHook] INFO  c.a.c.n.r.NacosServiceRegistry - De-registration finished.
2025-12-23 20:43:18.520 [main] INFO  c.a.n.client.logging.NacosLogging - Nacos Logging Adapter Builder: com.alibaba.nacos.logger.adapter.logback12.LogbackNacosLoggingAdapterBuilder
2025-12-23 20:43:18.526 [main] INFO  c.a.n.client.logging.NacosLogging - Nacos Logging Adapter Builder: com.alibaba.nacos.logger.adapter.logback14.LogbackNacosLoggingAdapterBuilder
2025-12-23 20:43:18.528 [main] INFO  c.a.n.client.logging.NacosLogging - Nacos Logging Adapter: com.alibaba.nacos.logger.adapter.logback14.LogbackNacosLoggingAdapter match ch.qos.logback.classic.Logger success.
2025-12-23 20:43:18.541 [main] INFO  c.a.n.client.logging.NacosLogging - Nacos Logging Adapter Builder: com.alibaba.nacos.logger.adapter.log4j2.Log4j2NacosLoggingAdapterBuilder
2025-12-23 20:43:18.551 [background-preinit] INFO  o.h.validator.internal.util.Version - HV000001: Hibernate Validator 8.0.1.Final
2025-12-23 20:43:18.750 [main] INFO  jh.exp.gateway.GatewayApplication - Starting GatewayApplication using Java 17.0.12 with PID 4876 (D:\ieda_deta\exp_v2\exp-gateway\exp-gateway-service\target\classes started by Administrator in D:\ieda_deta\exp_v2)
2025-12-23 20:43:18.752 [main] INFO  jh.exp.gateway.GatewayApplication - No active profile set, falling back to 1 default profile: "default"
2025-12-23 20:43:20.420 [main] INFO  o.s.d.r.c.RepositoryConfigurationDelegate - Multiple Spring Data modules found, entering strict repository configuration mode
2025-12-23 20:43:20.425 [main] INFO  o.s.d.r.c.RepositoryConfigurationDelegate - Bootstrapping Spring Data Redis repositories in DEFAULT mode.
2025-12-23 20:43:20.466 [main] INFO  o.s.d.r.c.RepositoryConfigurationDelegate - Finished Spring Data repository scanning in 18 ms. Found 0 Redis repository interfaces.
2025-12-23 20:43:20.744 [main] INFO  o.s.cloud.context.scope.GenericScope - BeanFactory id=7e6e0df0-e3ba-3e0b-bf3a-2ad4627fb87b
2025-12-23 20:43:20.849 [main] WARN  o.s.c.s.PostProcessorRegistrationDelegate$BeanPostProcessorChecker - Bean 'org.springframework.cloud.client.loadbalancer.LoadBalancerAutoConfiguration$DeferringLoadBalancerInterceptorConfig' of type [org.springframework.cloud.client.loadbalancer.LoadBalancerAutoConfiguration$DeferringLoadBalancerInterceptorConfig] is not eligible for getting processed by all BeanPostProcessors (for example: not eligible for auto-proxying). The currently created BeanPostProcessor [lbRestClientPostProcessor] is declared through a non-static factory method on that class; consider declaring it as static instead.
2025-12-23 20:43:20.852 [main] WARN  o.s.c.s.PostProcessorRegistrationDelegate$BeanPostProcessorChecker - Bean 'deferringLoadBalancerInterceptor' of type [org.springframework.cloud.client.loadbalancer.DeferringLoadBalancerInterceptor] is not eligible for getting processed by all BeanPostProcessors (for example: not eligible for auto-proxying). Is this bean getting eagerly injected into a currently created BeanPostProcessor [lbRestClientPostProcessor]? Check the corresponding BeanPostProcessor declaration and its dependencies.
2025-12-23 20:43:20.854 [main] WARN  o.s.c.s.PostProcessorRegistrationDelegate$BeanPostProcessorChecker - Bean 'org.springframework.cloud.client.loadbalancer.reactive.LoadBalancerBeanPostProcessorAutoConfiguration' of type [org.springframework.cloud.client.loadbalancer.reactive.LoadBalancerBeanPostProcessorAutoConfiguration] is not eligible for getting processed by all BeanPostProcessors (for example: not eligible for auto-proxying). The currently created BeanPostProcessor [loadBalancerWebClientBuilderBeanPostProcessor] is declared through a non-static factory method on that class; consider declaring it as static instead.
2025-12-23 20:43:20.855 [main] WARN  o.s.c.s.PostProcessorRegistrationDelegate$BeanPostProcessorChecker - Bean 'org.springframework.cloud.client.loadbalancer.reactive.LoadBalancerBeanPostProcessorAutoConfiguration$ReactorDeferringLoadBalancerFilterConfig' of type [org.springframework.cloud.client.loadbalancer.reactive.LoadBalancerBeanPostProcessorAutoConfiguration$ReactorDeferringLoadBalancerFilterConfig] is not eligible for getting processed by all BeanPostProcessors (for example: not eligible for auto-proxying). Is this bean getting eagerly injected into a currently created BeanPostProcessor [loadBalancerWebClientBuilderBeanPostProcessor]? Check the corresponding BeanPostProcessor declaration and its dependencies.
2025-12-23 20:43:20.857 [main] WARN  o.s.c.s.PostProcessorRegistrationDelegate$BeanPostProcessorChecker - Bean 'reactorDeferringLoadBalancerExchangeFilterFunction' of type [org.springframework.cloud.client.loadbalancer.reactive.DeferringLoadBalancerExchangeFilterFunction] is not eligible for getting processed by all BeanPostProcessors (for example: not eligible for auto-proxying). Is this bean getting eagerly injected into a currently created BeanPostProcessor [loadBalancerWebClientBuilderBeanPostProcessor]? Check the corresponding BeanPostProcessor declaration and its dependencies.
2025-12-23 20:43:21.156 [main] INFO  o.s.b.w.e.tomcat.TomcatWebServer - Tomcat initialized with port 9000 (http)
2025-12-23 20:43:21.169 [main] INFO  o.a.coyote.http11.Http11NioProtocol - Initializing ProtocolHandler ["http-nio-9000"]
2025-12-23 20:43:21.172 [main] INFO  o.a.catalina.core.StandardService - Starting service [Tomcat]
2025-12-23 20:43:21.172 [main] INFO  o.a.catalina.core.StandardEngine - Starting Servlet engine: [Apache Tomcat/10.1.20]
2025-12-23 20:43:23.588 [main] INFO  o.s.c.g.r.RouteDefinitionRouteLocator - Loaded RoutePredicateFactory [After]
2025-12-23 20:43:23.588 [main] INFO  o.s.c.g.r.RouteDefinitionRouteLocator - Loaded RoutePredicateFactory [Before]
2025-12-23 20:43:23.589 [main] INFO  o.s.c.g.r.RouteDefinitionRouteLocator - Loaded RoutePredicateFactory [Between]
2025-12-23 20:43:23.589 [main] INFO  o.s.c.g.r.RouteDefinitionRouteLocator - Loaded RoutePredicateFactory [Cookie]
2025-12-23 20:43:23.589 [main] INFO  o.s.c.g.r.RouteDefinitionRouteLocator - Loaded RoutePredicateFactory [Header]
2025-12-23 20:43:23.589 [main] INFO  o.s.c.g.r.RouteDefinitionRouteLocator - Loaded RoutePredicateFactory [Host]
2025-12-23 20:43:23.589 [main] INFO  o.s.c.g.r.RouteDefinitionRouteLocator - Loaded RoutePredicateFactory [Method]
2025-12-23 20:43:23.589 [main] INFO  o.s.c.g.r.RouteDefinitionRouteLocator - Loaded RoutePredicateFactory [Path]
2025-12-23 20:43:23.589 [main] INFO  o.s.c.g.r.RouteDefinitionRouteLocator - Loaded RoutePredicateFactory [Query]
2025-12-23 20:43:23.589 [main] INFO  o.s.c.g.r.RouteDefinitionRouteLocator - Loaded RoutePredicateFactory [ReadBody]
2025-12-23 20:43:23.589 [main] INFO  o.s.c.g.r.RouteDefinitionRouteLocator - Loaded RoutePredicateFactory [RemoteAddr]
2025-12-23 20:43:23.589 [main] INFO  o.s.c.g.r.RouteDefinitionRouteLocator - Loaded RoutePredicateFactory [XForwardedRemoteAddr]
2025-12-23 20:43:23.589 [main] INFO  o.s.c.g.r.RouteDefinitionRouteLocator - Loaded RoutePredicateFactory [Weight]
2025-12-23 20:43:23.589 [main] INFO  o.s.c.g.r.RouteDefinitionRouteLocator - Loaded RoutePredicateFactory [CloudFoundryRouteService]
2025-12-23 20:43:24.218 [main] INFO  o.s.b.a.s.r.ReactiveUserDetailsServiceAutoConfiguration - 

Using generated security password: 78adf9d4-2d7e-4b9c-9263-dec000d2cc8f

2025-12-23 20:43:24.267 [main] WARN  o.s.c.l.c.LoadBalancerCacheAutoConfiguration$LoadBalancerCaffeineWarnLogger - Spring Cloud LoadBalancer is currently working with the default cache. While this cache implementation is useful for development and tests, it's recommended to use Caffeine cache in production.You can switch to using Caffeine cache, by adding it and org.springframework.cache.caffeine.CaffeineCacheManager to the classpath.
2025-12-23 20:43:24.346 [main] INFO  o.a.coyote.http11.Http11NioProtocol - Starting ProtocolHandler ["http-nio-9000"]
2025-12-23 20:43:24.389 [main] INFO  o.s.b.w.e.tomcat.TomcatWebServer - Tomcat started on port 9000 (http) with context path ''
2025-12-23 20:43:24.930 [main] INFO  c.a.n.p.a.s.c.ClientAuthPluginManager - [ClientAuthPluginManager] Load ClientAuthService com.alibaba.nacos.client.auth.impl.NacosClientAuthServiceImpl success.
2025-12-23 20:43:24.931 [main] INFO  c.a.n.p.a.s.c.ClientAuthPluginManager - [ClientAuthPluginManager] Load ClientAuthService com.alibaba.nacos.client.auth.ram.RamClientAuthServiceImpl success.
2025-12-23 20:43:26.331 [main] INFO  c.a.n.c.a.AbstractAbilityControlManager - Ready to get current node abilities...
2025-12-23 20:43:26.333 [main] INFO  c.a.n.c.a.AbstractAbilityControlManager - Ready to initialize current node abilities, support modes: [SDK_CLIENT]
2025-12-23 20:43:26.334 [main] INFO  c.a.n.c.a.AbstractAbilityControlManager - Initialize current abilities finish...
2025-12-23 20:43:26.335 [main] INFO  c.a.n.c.a.d.NacosAbilityManagerHolder - [AbilityControlManager] Successfully initialize AbilityControlManager
2025-12-23 20:43:26.383 [main] INFO  c.a.c.n.r.NacosServiceRegistry - nacos registry, DEFAULT_GROUP exp-gateway 192.168.56.1:9000 register finished
2025-12-23 20:43:26.445 [main] INFO  jh.exp.gateway.GatewayApplication - Started GatewayApplication in 9.457 seconds (process running for 11.147)
2025-12-23 20:44:21.162 [lettuce-nioEventLoop-4-1] INFO  j.e.g.a.f.JwtAuthenticationFilter - JWT 鉴权通过，userId=1，path=/exp/auth/roles/menus
2025-12-23 20:44:39.228 [lettuce-nioEventLoop-4-1] INFO  jh.exp.gateway.AccessLog - [ACCESS][REQUEST] traceId=762b3bdd5b6e4309b6a9f6d40d781cc9 method=GET uri=/exp/auth/roles/menus query=null ip=192.168.101.128 userId=1 userName=系统管理员
2025-12-23 20:44:39.269 [reactor-http-nio-3] INFO  jh.exp.gateway.AccessLog - [ACCESS][RESPONSE] traceId=762b3bdd5b6e4309b6a9f6d40d781cc9 method=GET uri=/exp/auth/roles/menus status=200 cost=40ms userId=1 userName=系统管理员
2025-12-23 20:46:48.504 [idle-monitor-exp-gateway] INFO  SERVICE_IDLE_MONITOR - ====== [SERVICE_IDLE] [exp-gateway] 系统已进入休眠，等待激活 ======
2025-12-23 20:48:48.507 [idle-monitor-exp-gateway] INFO  SERVICE_IDLE_MONITOR - ====== [SERVICE_IDLE] [exp-gateway] 系统已进入休眠，等待激活 ======
2025-12-23 20:50:47.238 [lettuce-nioEventLoop-4-1] INFO  j.e.g.a.f.JwtAuthenticationFilter - JWT 鉴权通过，userId=1，path=/exp/auth/roles/menus
2025-12-23 20:50:47.239 [lettuce-nioEventLoop-4-1] INFO  jh.exp.gateway.AccessLog - [ACCESS][REQUEST] traceId=c0cfa492ffb54883b32ab32b3df08fbc method=GET uri=/exp/auth/roles/menus query=null ip=192.168.101.128 userId=1 userName=系统管理员
2025-12-23 20:50:47.259 [reactor-http-nio-5] INFO  jh.exp.gateway.AccessLog - [ACCESS][RESPONSE] traceId=c0cfa492ffb54883b32ab32b3df08fbc method=GET uri=/exp/auth/roles/menus status=200 cost=20ms userId=1 userName=系统管理员
2025-12-23 20:52:48.513 [idle-monitor-exp-gateway] INFO  SERVICE_IDLE_MONITOR - ====== [SERVICE_IDLE] [exp-gateway] 系统已进入休眠，等待激活 ======
2025-12-23 20:55:18.501 [idle-monitor-exp-gateway] INFO  SERVICE_IDLE_MONITOR - ====== [SERVICE_IDLE] [exp-gateway] 系统已进入休眠，等待激活 ======
2025-12-23 20:57:18.502 [idle-monitor-exp-gateway] INFO  SERVICE_IDLE_MONITOR - ====== [SERVICE_IDLE] [exp-gateway] 系统已进入休眠，等待激活 ======
2025-12-23 20:59:18.513 [idle-monitor-exp-gateway] INFO  SERVICE_IDLE_MONITOR - ====== [SERVICE_IDLE] [exp-gateway] 系统已进入休眠，等待激活 ======
2025-12-23 21:01:48.504 [idle-monitor-exp-gateway] INFO  SERVICE_IDLE_MONITOR - ====== [SERVICE_IDLE] [exp-gateway] 系统已进入休眠，等待激活 ======
2025-12-23 21:03:33.226 [Thread-19] WARN  c.a.n.c.http.HttpClientBeanHolder - [HttpClientBeanHolder] Start destroying common HttpClient
2025-12-23 21:03:33.227 [Thread-2] WARN  c.a.n.c.executor.ThreadPoolManager - [ThreadPoolManager] Start destroying ThreadPool
2025-12-23 21:03:33.226 [Thread-17] WARN  c.a.nacos.common.notify.NotifyCenter - [NotifyCenter] Start destroying Publisher
2025-12-23 21:03:33.227 [Thread-17] WARN  c.a.nacos.common.notify.NotifyCenter - [NotifyCenter] Destruction of the end
2025-12-23 21:03:33.227 [Thread-2] WARN  c.a.n.c.executor.ThreadPoolManager - [ThreadPoolManager] Destruction of the end
2025-12-23 21:03:33.228 [Thread-19] WARN  c.a.n.c.http.HttpClientBeanHolder - [HttpClientBeanHolder] Destruction of the end
2025-12-23 21:03:33.229 [SpringApplicationShutdownHook] INFO  c.a.c.n.r.NacosServiceRegistry - De-registering from Nacos Server now...
2025-12-23 21:03:33.242 [SpringApplicationShutdownHook] INFO  c.a.c.n.r.NacosServiceRegistry - De-registration finished.
2025-12-23 21:03:45.467 [SpringApplicationShutdownHook] WARN  o.s.c.a.AnnotationConfigApplicationContext - Exception thrown from ApplicationListener handling ContextClosedEvent
org.springframework.beans.factory.BeanCreationNotAllowedException: Error creating bean with name 'nacosAutoServiceRegistration': Singleton bean creation not allowed while singletons of this factory are in destruction (Do not request a bean from a BeanFactory in a destroy method implementation!)
	at org.springframework.beans.factory.support.DefaultSingletonBeanRegistry.getSingleton(DefaultSingletonBeanRegistry.java:220)
	at org.springframework.beans.factory.support.AbstractBeanFactory.doGetBean(AbstractBeanFactory.java:324)
	at org.springframework.beans.factory.support.AbstractBeanFactory.getBean(AbstractBeanFactory.java:200)
	at org.springframework.context.support.AbstractApplicationContext.getBean(AbstractApplicationContext.java:1234)
	at org.springframework.context.event.ApplicationListenerMethodAdapter.getTargetBean(ApplicationListenerMethodAdapter.java:392)
	at org.springframework.context.event.ApplicationListenerMethodAdapter.doInvoke(ApplicationListenerMethodAdapter.java:354)
	at org.springframework.context.event.ApplicationListenerMethodAdapter.processEvent(ApplicationListenerMethodAdapter.java:237)
	at org.springframework.context.event.ApplicationListenerMethodAdapter.onApplicationEvent(ApplicationListenerMethodAdapter.java:168)
	at org.springframework.context.event.SimpleApplicationEventMulticaster.doInvokeListener(SimpleApplicationEventMulticaster.java:185)
	at org.springframework.context.event.SimpleApplicationEventMulticaster.invokeListener(SimpleApplicationEventMulticaster.java:178)
	at org.springframework.context.event.SimpleApplicationEventMulticaster.multicastEvent(SimpleApplicationEventMulticaster.java:156)
	at org.springframework.context.support.AbstractApplicationContext.publishEvent(AbstractApplicationContext.java:451)
	at org.springframework.context.support.AbstractApplicationContext.publishEvent(AbstractApplicationContext.java:457)
	at org.springframework.context.support.AbstractApplicationContext.publishEvent(AbstractApplicationContext.java:384)
	at org.springframework.context.support.AbstractApplicationContext.doClose(AbstractApplicationContext.java:1130)
	at org.springframework.context.support.AbstractApplicationContext.close(AbstractApplicationContext.java:1093)
	at org.springframework.cloud.context.named.NamedContextFactory.destroy(NamedContextFactory.java:114)
	at org.springframework.beans.factory.support.DisposableBeanAdapter.destroy(DisposableBeanAdapter.java:211)
	at org.springframework.beans.factory.support.DefaultSingletonBeanRegistry.destroyBean(DefaultSingletonBeanRegistry.java:587)
	at org.springframework.beans.factory.support.DefaultSingletonBeanRegistry.destroySingleton(DefaultSingletonBeanRegistry.java:559)
	at org.springframework.beans.factory.support.DefaultListableBeanFactory.destroySingleton(DefaultListableBeanFactory.java:1202)
	at org.springframework.beans.factory.support.DefaultSingletonBeanRegistry.destroySingletons(DefaultSingletonBeanRegistry.java:520)
	at org.springframework.beans.factory.support.DefaultListableBeanFactory.destroySingletons(DefaultListableBeanFactory.java:1195)
	at org.springframework.context.support.AbstractApplicationContext.destroyBeans(AbstractApplicationContext.java:1186)
	at org.springframework.context.support.AbstractApplicationContext.doClose(AbstractApplicationContext.java:1147)
	at org.springframework.boot.web.reactive.context.ReactiveWebServerApplicationContext.doClose(ReactiveWebServerApplicationContext.java:149)
	at org.springframework.context.support.AbstractApplicationContext.close(AbstractApplicationContext.java:1093)
	at org.springframework.boot.SpringApplicationShutdownHook.closeAndWait(SpringApplicationShutdownHook.java:145)
	at java.base/java.lang.Iterable.forEach(Iterable.java:75)
	at org.springframework.boot.SpringApplicationShutdownHook.run(SpringApplicationShutdownHook.java:114)
	at java.base/java.lang.Thread.run(Thread.java:842)
2025-12-23 23:03:47.382 [main] INFO  c.a.n.client.logging.NacosLogging - Nacos Logging Adapter Builder: com.alibaba.nacos.logger.adapter.logback12.LogbackNacosLoggingAdapterBuilder
2025-12-23 23:03:47.388 [main] INFO  c.a.n.client.logging.NacosLogging - Nacos Logging Adapter Builder: com.alibaba.nacos.logger.adapter.logback14.LogbackNacosLoggingAdapterBuilder
2025-12-23 23:03:47.389 [main] INFO  c.a.n.client.logging.NacosLogging - Nacos Logging Adapter: com.alibaba.nacos.logger.adapter.logback14.LogbackNacosLoggingAdapter match ch.qos.logback.classic.Logger success.
2025-12-23 23:03:47.403 [main] INFO  c.a.n.client.logging.NacosLogging - Nacos Logging Adapter Builder: com.alibaba.nacos.logger.adapter.log4j2.Log4j2NacosLoggingAdapterBuilder
2025-12-23 23:03:47.427 [background-preinit] INFO  o.h.validator.internal.util.Version - HV000001: Hibernate Validator 8.0.1.Final
2025-12-23 23:03:47.745 [main] INFO  jh.exp.gateway.GatewayApplication - Starting GatewayApplication using Java 17.0.12 with PID 15960 (D:\ieda_deta\exp_v2\exp-gateway\exp-gateway-service\target\classes started by Administrator in D:\ieda_deta\exp_v2)
2025-12-23 23:03:47.747 [main] INFO  jh.exp.gateway.GatewayApplication - No active profile set, falling back to 1 default profile: "default"
2025-12-23 23:03:49.822 [main] INFO  o.s.d.r.c.RepositoryConfigurationDelegate - Multiple Spring Data modules found, entering strict repository configuration mode
2025-12-23 23:03:49.832 [main] INFO  o.s.d.r.c.RepositoryConfigurationDelegate - Bootstrapping Spring Data Redis repositories in DEFAULT mode.
2025-12-23 23:03:49.897 [main] INFO  o.s.d.r.c.RepositoryConfigurationDelegate - Finished Spring Data repository scanning in 29 ms. Found 0 Redis repository interfaces.
2025-12-23 23:03:50.341 [main] INFO  o.s.cloud.context.scope.GenericScope - BeanFactory id=7e6e0df0-e3ba-3e0b-bf3a-2ad4627fb87b
2025-12-23 23:03:50.515 [main] WARN  o.s.c.s.PostProcessorRegistrationDelegate$BeanPostProcessorChecker - Bean 'org.springframework.cloud.client.loadbalancer.LoadBalancerAutoConfiguration$DeferringLoadBalancerInterceptorConfig' of type [org.springframework.cloud.client.loadbalancer.LoadBalancerAutoConfiguration$DeferringLoadBalancerInterceptorConfig] is not eligible for getting processed by all BeanPostProcessors (for example: not eligible for auto-proxying). The currently created BeanPostProcessor [lbRestClientPostProcessor] is declared through a non-static factory method on that class; consider declaring it as static instead.
2025-12-23 23:03:50.519 [main] WARN  o.s.c.s.PostProcessorRegistrationDelegate$BeanPostProcessorChecker - Bean 'deferringLoadBalancerInterceptor' of type [org.springframework.cloud.client.loadbalancer.DeferringLoadBalancerInterceptor] is not eligible for getting processed by all BeanPostProcessors (for example: not eligible for auto-proxying). Is this bean getting eagerly injected into a currently created BeanPostProcessor [lbRestClientPostProcessor]? Check the corresponding BeanPostProcessor declaration and its dependencies.
2025-12-23 23:03:50.522 [main] WARN  o.s.c.s.PostProcessorRegistrationDelegate$BeanPostProcessorChecker - Bean 'org.springframework.cloud.client.loadbalancer.reactive.LoadBalancerBeanPostProcessorAutoConfiguration' of type [org.springframework.cloud.client.loadbalancer.reactive.LoadBalancerBeanPostProcessorAutoConfiguration] is not eligible for getting processed by all BeanPostProcessors (for example: not eligible for auto-proxying). The currently created BeanPostProcessor [loadBalancerWebClientBuilderBeanPostProcessor] is declared through a non-static factory method on that class; consider declaring it as static instead.
2025-12-23 23:03:50.523 [main] WARN  o.s.c.s.PostProcessorRegistrationDelegate$BeanPostProcessorChecker - Bean 'org.springframework.cloud.client.loadbalancer.reactive.LoadBalancerBeanPostProcessorAutoConfiguration$ReactorDeferringLoadBalancerFilterConfig' of type [org.springframework.cloud.client.loadbalancer.reactive.LoadBalancerBeanPostProcessorAutoConfiguration$ReactorDeferringLoadBalancerFilterConfig] is not eligible for getting processed by all BeanPostProcessors (for example: not eligible for auto-proxying). Is this bean getting eagerly injected into a currently created BeanPostProcessor [loadBalancerWebClientBuilderBeanPostProcessor]? Check the corresponding BeanPostProcessor declaration and its dependencies.
2025-12-23 23:03:50.526 [main] WARN  o.s.c.s.PostProcessorRegistrationDelegate$BeanPostProcessorChecker - Bean 'reactorDeferringLoadBalancerExchangeFilterFunction' of type [org.springframework.cloud.client.loadbalancer.reactive.DeferringLoadBalancerExchangeFilterFunction] is not eligible for getting processed by all BeanPostProcessors (for example: not eligible for auto-proxying). Is this bean getting eagerly injected into a currently created BeanPostProcessor [loadBalancerWebClientBuilderBeanPostProcessor]? Check the corresponding BeanPostProcessor declaration and its dependencies.
2025-12-23 23:03:50.957 [main] INFO  o.s.b.w.e.tomcat.TomcatWebServer - Tomcat initialized with port 9000 (http)
2025-12-23 23:03:50.980 [main] INFO  o.a.coyote.http11.Http11NioProtocol - Initializing ProtocolHandler ["http-nio-9000"]
2025-12-23 23:03:50.983 [main] INFO  o.a.catalina.core.StandardService - Starting service [Tomcat]
2025-12-23 23:03:50.985 [main] INFO  o.a.catalina.core.StandardEngine - Starting Servlet engine: [Apache Tomcat/10.1.20]
2025-12-23 23:03:55.691 [main] INFO  o.s.c.g.r.RouteDefinitionRouteLocator - Loaded RoutePredicateFactory [After]
2025-12-23 23:03:55.691 [main] INFO  o.s.c.g.r.RouteDefinitionRouteLocator - Loaded RoutePredicateFactory [Before]
2025-12-23 23:03:55.691 [main] INFO  o.s.c.g.r.RouteDefinitionRouteLocator - Loaded RoutePredicateFactory [Between]
2025-12-23 23:03:55.691 [main] INFO  o.s.c.g.r.RouteDefinitionRouteLocator - Loaded RoutePredicateFactory [Cookie]
2025-12-23 23:03:55.691 [main] INFO  o.s.c.g.r.RouteDefinitionRouteLocator - Loaded RoutePredicateFactory [Header]
2025-12-23 23:03:55.692 [main] INFO  o.s.c.g.r.RouteDefinitionRouteLocator - Loaded RoutePredicateFactory [Host]
2025-12-23 23:03:55.692 [main] INFO  o.s.c.g.r.RouteDefinitionRouteLocator - Loaded RoutePredicateFactory [Method]
2025-12-23 23:03:55.692 [main] INFO  o.s.c.g.r.RouteDefinitionRouteLocator - Loaded RoutePredicateFactory [Path]
2025-12-23 23:03:55.692 [main] INFO  o.s.c.g.r.RouteDefinitionRouteLocator - Loaded RoutePredicateFactory [Query]
2025-12-23 23:03:55.692 [main] INFO  o.s.c.g.r.RouteDefinitionRouteLocator - Loaded RoutePredicateFactory [ReadBody]
2025-12-23 23:03:55.692 [main] INFO  o.s.c.g.r.RouteDefinitionRouteLocator - Loaded RoutePredicateFactory [RemoteAddr]
2025-12-23 23:03:55.692 [main] INFO  o.s.c.g.r.RouteDefinitionRouteLocator - Loaded RoutePredicateFactory [XForwardedRemoteAddr]
2025-12-23 23:03:55.692 [main] INFO  o.s.c.g.r.RouteDefinitionRouteLocator - Loaded RoutePredicateFactory [Weight]
2025-12-23 23:03:55.692 [main] INFO  o.s.c.g.r.RouteDefinitionRouteLocator - Loaded RoutePredicateFactory [CloudFoundryRouteService]
2025-12-23 23:03:56.891 [main] INFO  o.s.b.a.s.r.ReactiveUserDetailsServiceAutoConfiguration - 

Using generated security password: 860b3204-27a7-40f5-99bc-4c1f9551d732

2025-12-23 23:03:56.953 [main] WARN  o.s.c.l.c.LoadBalancerCacheAutoConfiguration$LoadBalancerCaffeineWarnLogger - Spring Cloud LoadBalancer is currently working with the default cache. While this cache implementation is useful for development and tests, it's recommended to use Caffeine cache in production.You can switch to using Caffeine cache, by adding it and org.springframework.cache.caffeine.CaffeineCacheManager to the classpath.
2025-12-23 23:03:57.026 [main] INFO  o.a.coyote.http11.Http11NioProtocol - Starting ProtocolHandler ["http-nio-9000"]
2025-12-23 23:03:57.062 [main] INFO  o.s.b.w.e.tomcat.TomcatWebServer - Tomcat started on port 9000 (http) with context path ''
2025-12-23 23:03:57.965 [main] INFO  c.a.n.p.a.s.c.ClientAuthPluginManager - [ClientAuthPluginManager] Load ClientAuthService com.alibaba.nacos.client.auth.impl.NacosClientAuthServiceImpl success.
2025-12-23 23:03:57.965 [main] INFO  c.a.n.p.a.s.c.ClientAuthPluginManager - [ClientAuthPluginManager] Load ClientAuthService com.alibaba.nacos.client.auth.ram.RamClientAuthServiceImpl success.
2025-12-23 23:04:00.030 [main] INFO  c.a.n.c.a.AbstractAbilityControlManager - Ready to get current node abilities...
2025-12-23 23:04:00.032 [main] INFO  c.a.n.c.a.AbstractAbilityControlManager - Ready to initialize current node abilities, support modes: [SDK_CLIENT]
2025-12-23 23:04:00.032 [main] INFO  c.a.n.c.a.AbstractAbilityControlManager - Initialize current abilities finish...
2025-12-23 23:04:00.033 [main] INFO  c.a.n.c.a.d.NacosAbilityManagerHolder - [AbilityControlManager] Successfully initialize AbilityControlManager
2025-12-23 23:04:00.202 [main] INFO  c.a.c.n.r.NacosServiceRegistry - nacos registry, DEFAULT_GROUP exp-gateway 192.168.137.1:9000 register finished
2025-12-23 23:04:00.288 [main] INFO  jh.exp.gateway.GatewayApplication - Started GatewayApplication in 14.9 seconds (process running for 17.964)
2025-12-23 23:06:17.355 [idle-monitor-exp-gateway] INFO  SERVICE_IDLE_MONITOR - ====== [SERVICE_IDLE] [exp-gateway] 系统已进入休眠，等待激活 ======
2025-12-23 23:08:47.350 [idle-monitor-exp-gateway] INFO  SERVICE_IDLE_MONITOR - ====== [SERVICE_IDLE] [exp-gateway] 系统已进入休眠，等待激活 ======
2025-12-23 23:10:47.361 [idle-monitor-exp-gateway] INFO  SERVICE_IDLE_MONITOR - ====== [SERVICE_IDLE] [exp-gateway] 系统已进入休眠，等待激活 ======
2025-12-23 23:13:17.354 [idle-monitor-exp-gateway] INFO  SERVICE_IDLE_MONITOR - ====== [SERVICE_IDLE] [exp-gateway] 系统已进入休眠，等待激活 ======
2025-12-23 23:15:17.362 [idle-monitor-exp-gateway] INFO  SERVICE_IDLE_MONITOR - ====== [SERVICE_IDLE] [exp-gateway] 系统已进入休眠，等待激活 ======
2025-12-23 23:17:47.362 [idle-monitor-exp-gateway] INFO  SERVICE_IDLE_MONITOR - ====== [SERVICE_IDLE] [exp-gateway] 系统已进入休眠，等待激活 ======
2025-12-23 23:20:17.360 [idle-monitor-exp-gateway] INFO  SERVICE_IDLE_MONITOR - ====== [SERVICE_IDLE] [exp-gateway] 系统已进入休眠，等待激活 ======
2025-12-23 23:22:47.353 [idle-monitor-exp-gateway] INFO  SERVICE_IDLE_MONITOR - ====== [SERVICE_IDLE] [exp-gateway] 系统已进入休眠，等待激活 ======
2025-12-23 23:23:19.310 [lettuce-nioEventLoop-4-1] INFO  j.e.g.a.f.JwtAuthenticationFilter - JWT 鉴权通过，userId=1，path=/exp/auth/roles/menus
2025-12-23 23:23:19.313 [lettuce-nioEventLoop-4-1] INFO  jh.exp.gateway.AccessLog - [ACCESS][REQUEST] traceId=8eca8a373c3e4694bf24af7847df65f8 method=GET uri=/exp/auth/roles/menus query=null ip=192.168.101.128 userId=1 userName=系统管理员
2025-12-23 23:23:51.637 [reactor-http-nio-3] INFO  jh.exp.gateway.AccessLog - [ACCESS][RESPONSE] traceId=8eca8a373c3e4694bf24af7847df65f8 method=GET uri=/exp/auth/roles/menus status=200 cost=32324ms userId=1 userName=系统管理员
2025-12-23 23:26:17.353 [idle-monitor-exp-gateway] INFO  SERVICE_IDLE_MONITOR - ====== [SERVICE_IDLE] [exp-gateway] 系统已进入休眠，等待激活 ======
2025-12-23 23:28:17.354 [idle-monitor-exp-gateway] INFO  SERVICE_IDLE_MONITOR - ====== [SERVICE_IDLE] [exp-gateway] 系统已进入休眠，等待激活 ======
2025-12-23 23:30:17.367 [idle-monitor-exp-gateway] INFO  SERVICE_IDLE_MONITOR - ====== [SERVICE_IDLE] [exp-gateway] 系统已进入休眠，等待激活 ======
2025-12-23 23:32:47.353 [idle-monitor-exp-gateway] INFO  SERVICE_IDLE_MONITOR - ====== [SERVICE_IDLE] [exp-gateway] 系统已进入休眠，等待激活 ======
2025-12-23 23:34:47.362 [idle-monitor-exp-gateway] INFO  SERVICE_IDLE_MONITOR - ====== [SERVICE_IDLE] [exp-gateway] 系统已进入休眠，等待激活 ======
2025-12-23 23:37:17.356 [idle-monitor-exp-gateway] INFO  SERVICE_IDLE_MONITOR - ====== [SERVICE_IDLE] [exp-gateway] 系统已进入休眠，等待激活 ======
2025-12-23 23:38:42.184 [lettuce-nioEventLoop-4-1] INFO  j.e.g.a.f.JwtAuthenticationFilter - JWT 鉴权通过，userId=1，path=/exp/auth/roles/menus
2025-12-23 23:38:42.184 [lettuce-nioEventLoop-4-1] INFO  jh.exp.gateway.AccessLog - [ACCESS][REQUEST] traceId=1adc8e3ac21f407c9e6b6288fa389414 method=GET uri=/exp/auth/roles/menus query=null ip=192.168.101.128 userId=1 userName=系统管理员
2025-12-23 23:38:44.195 [reactor-http-nio-5] INFO  jh.exp.gateway.AccessLog - [ACCESS][RESPONSE] traceId=1adc8e3ac21f407c9e6b6288fa389414 method=GET uri=/exp/auth/roles/menus status=200 cost=2010ms userId=1 userName=系统管理员
2025-12-23 23:38:47.065 [lettuce-nioEventLoop-4-1] INFO  j.e.g.a.f.JwtAuthenticationFilter - JWT 鉴权通过，userId=1，path=/exp/auth/roles/menus
2025-12-23 23:38:47.065 [lettuce-nioEventLoop-4-1] INFO  jh.exp.gateway.AccessLog - [ACCESS][REQUEST] traceId=d18edaf3b0ae40a793f24d4767992a31 method=GET uri=/exp/auth/roles/menus query=null ip=192.168.101.128 userId=1 userName=系统管理员
2025-12-23 23:38:53.301 [reactor-http-nio-5] INFO  jh.exp.gateway.AccessLog - [ACCESS][RESPONSE] traceId=d18edaf3b0ae40a793f24d4767992a31 method=GET uri=/exp/auth/roles/menus status=200 cost=6236ms userId=1 userName=系统管理员
2025-12-23 23:39:37.399 [lettuce-nioEventLoop-4-1] INFO  j.e.g.a.f.JwtAuthenticationFilter - JWT 鉴权通过，userId=1，path=/exp/auth/roles/menus
2025-12-23 23:39:37.400 [lettuce-nioEventLoop-4-1] INFO  jh.exp.gateway.AccessLog - [ACCESS][REQUEST] traceId=40d953b089604b78b534f3a6064e3869 method=GET uri=/exp/auth/roles/menus query=null ip=192.168.101.128 userId=1 userName=系统管理员
2025-12-23 23:41:47.356 [idle-monitor-exp-gateway] INFO  SERVICE_IDLE_MONITOR - ====== [SERVICE_IDLE] [exp-gateway] 系统已进入休眠，等待激活 ======
2025-12-23 23:42:20.745 [reactor-http-nio-5] WARN  r.n.http.client.HttpClientConnect - [25e15234-3, L:/192.168.137.1:8381 - R:/192.168.137.1:8101] The connection observed an error
java.net.SocketException: Connection reset
	at java.base/sun.nio.ch.SocketChannelImpl.throwConnectionReset(SocketChannelImpl.java:394)
	at java.base/sun.nio.ch.SocketChannelImpl.read(SocketChannelImpl.java:426)
	at io.netty.buffer.PooledByteBuf.setBytes(PooledByteBuf.java:255)
	at io.netty.buffer.AbstractByteBuf.writeBytes(AbstractByteBuf.java:1132)
	at io.netty.channel.socket.nio.NioSocketChannel.doReadBytes(NioSocketChannel.java:357)
	at io.netty.channel.nio.AbstractNioByteChannel$NioByteUnsafe.read(AbstractNioByteChannel.java:151)
	at io.netty.channel.nio.NioEventLoop.processSelectedKey(NioEventLoop.java:788)
	at io.netty.channel.nio.NioEventLoop.processSelectedKeysOptimized(NioEventLoop.java:724)
	at io.netty.channel.nio.NioEventLoop.processSelectedKeys(NioEventLoop.java:650)
	at io.netty.channel.nio.NioEventLoop.run(NioEventLoop.java:562)
	at io.netty.util.concurrent.SingleThreadEventExecutor$4.run(SingleThreadEventExecutor.java:997)
	at io.netty.util.internal.ThreadExecutorMap$2.run(ThreadExecutorMap.java:74)
	at io.netty.util.concurrent.FastThreadLocalRunnable.run(FastThreadLocalRunnable.java:30)
	at java.base/java.lang.Thread.run(Thread.java:842)
2025-12-23 23:42:20.759 [reactor-http-nio-5] INFO  jh.exp.gateway.AccessLog - [ACCESS][RESPONSE] traceId=40d953b089604b78b534f3a6064e3869 method=GET uri=/exp/auth/roles/menus status=200 cost=163359ms userId=1 userName=系统管理员
2025-12-23 23:42:20.788 [reactor-http-nio-5] ERROR o.s.b.a.w.r.e.AbstractErrorWebExceptionHandler - [f774a76]  500 Server Error for HTTP GET "/exp/auth/roles/menus"
java.net.SocketException: Connection reset
	at java.base/sun.nio.ch.SocketChannelImpl.throwConnectionReset(SocketChannelImpl.java:394)
	Suppressed: reactor.core.publisher.FluxOnAssembly$OnAssemblyException: 
Assembly trace from producer [reactor.core.publisher.MonoCreate] :
	reactor.core.publisher.Mono.create(Mono.java:203)
	reactor.netty.http.client.HttpClientConnect$MonoHttpConnect.subscribe(HttpClientConnect.java:210)
Error has been observed at the following site(s):
	*___________Mono.create ⇢ at reactor.netty.http.client.HttpClientConnect$MonoHttpConnect.subscribe(HttpClientConnect.java:210)
	|_       Mono.retryWhen ⇢ at reactor.netty.http.client.HttpClientConnect$MonoHttpConnect.subscribe(HttpClientConnect.java:275)
	*________Flux.concatMap ⇢ at reactor.util.retry.RetrySpec.lambda$generateCompanion$6(RetrySpec.java:360)
	|_     Flux.onErrorStop ⇢ at reactor.util.retry.RetrySpec.lambda$generateCompanion$6(RetrySpec.java:379)
	*__Flux.deferContextual ⇢ at reactor.util.retry.RetrySpec.generateCompanion(RetrySpec.java:357)
	*______Mono.flatMapMany ⇢ at reactor.netty.http.client.HttpClientFinalizer.responseConnection(HttpClientFinalizer.java:102)
	*______Mono.flatMapMany ⇢ at org.springframework.cloud.gateway.filter.NettyRoutingFilter.filter(NettyRoutingFilter.java:134)
	*_____________Flux.then ⇢ at org.springframework.cloud.gateway.filter.NettyRoutingFilter.filter(NettyRoutingFilter.java:199)
	*____________Mono.defer ⇢ at org.springframework.cloud.gateway.handler.FilteringWebHandler$DefaultGatewayFilterChain.filter(FilteringWebHandler.java:123)
	*____________Mono.defer ⇢ at org.springframework.cloud.gateway.handler.FilteringWebHandler$DefaultGatewayFilterChain.filter(FilteringWebHandler.java:123)
	*____________Mono.defer ⇢ at org.springframework.cloud.gateway.handler.FilteringWebHandler$DefaultGatewayFilterChain.filter(FilteringWebHandler.java:123)
	*_____________Mono.then ⇢ at org.springframework.cloud.gateway.filter.ReactiveLoadBalancerClientFilter.filter(ReactiveLoadBalancerClientFilter.java:148)
	|_       Mono.doOnError ⇢ at org.springframework.cloud.gateway.filter.ReactiveLoadBalancerClientFilter.filter(ReactiveLoadBalancerClientFilter.java:149)
	|_     Mono.doOnSuccess ⇢ at org.springframework.cloud.gateway.filter.ReactiveLoadBalancerClientFilter.filter(ReactiveLoadBalancerClientFilter.java:153)
	*____________Mono.defer ⇢ at org.springframework.cloud.gateway.handler.FilteringWebHandler$DefaultGatewayFilterChain.filter(FilteringWebHandler.java:123)
	*____________Mono.defer ⇢ at org.springframework.cloud.gateway.handler.FilteringWebHandler$DefaultGatewayFilterChain.filter(FilteringWebHandler.java:123)
	*____________Mono.defer ⇢ at org.springframework.cloud.gateway.handler.FilteringWebHandler$DefaultGatewayFilterChain.filter(FilteringWebHandler.java:123)
	*____________Mono.defer ⇢ at org.springframework.cloud.gateway.handler.FilteringWebHandler$DefaultGatewayFilterChain.filter(FilteringWebHandler.java:123)
	*_____________Mono.then ⇢ at org.springframework.cloud.gateway.filter.NettyWriteResponseFilter.filter(NettyWriteResponseFilter.java:69)
	|_      Mono.doOnCancel ⇢ at org.springframework.cloud.gateway.filter.NettyWriteResponseFilter.filter(NettyWriteResponseFilter.java:101)
	|_       Mono.doOnError ⇢ at org.springframework.cloud.gateway.filter.NettyWriteResponseFilter.filter(NettyWriteResponseFilter.java:102)
	*____________Mono.defer ⇢ at org.springframework.cloud.gateway.handler.FilteringWebHandler$DefaultGatewayFilterChain.filter(FilteringWebHandler.java:123)
	|_     Mono.doOnSuccess ⇢ at jh.exp.gateway.auth.filter.AccessLogFilter.filter(AccessLogFilter.java:52)
	|_       Mono.doOnError ⇢ at jh.exp.gateway.auth.filter.AccessLogFilter.filter(AccessLogFilter.java:53)
	*____________Mono.defer ⇢ at org.springframework.cloud.gateway.handler.FilteringWebHandler$DefaultGatewayFilterChain.filter(FilteringWebHandler.java:123)
	*__________Mono.flatMap ⇢ at jh.exp.gateway.auth.filter.JwtAuthenticationFilter.filter(JwtAuthenticationFilter.java:102)
	*____________Mono.defer ⇢ at org.springframework.cloud.gateway.handler.FilteringWebHandler$DefaultGatewayFilterChain.filter(FilteringWebHandler.java:123)
	*____________Mono.defer ⇢ at org.springframework.cloud.gateway.handler.FilteringWebHandler$DefaultGatewayFilterChain.filter(FilteringWebHandler.java:123)
	|_       Mono.doFinally ⇢ at org.springframework.cloud.gateway.filter.RemoveCachedBodyFilter.filter(RemoveCachedBodyFilter.java:35)
	*____________Mono.defer ⇢ at org.springframework.cloud.gateway.handler.FilteringWebHandler$DefaultGatewayFilterChain.filter(FilteringWebHandler.java:123)
	*_____________Mono.then ⇢ at org.springframework.web.reactive.result.SimpleHandlerAdapter.handle(SimpleHandlerAdapter.java:46)
	|_   Mono.onErrorResume ⇢ at org.springframework.web.reactive.DispatcherHandler.handleResultMono(DispatcherHandler.java:168)
	|_         Mono.flatMap ⇢ at org.springframework.web.reactive.DispatcherHandler.handleResultMono(DispatcherHandler.java:172)
	*____________Mono.error ⇢ at org.springframework.web.reactive.result.method.annotation.RequestMappingHandlerAdapter.handleException(RequestMappingHandlerAdapter.java:317)
	*__________Mono.flatMap ⇢ at org.springframework.web.reactive.DispatcherHandler.handle(DispatcherHandler.java:154)
	*____________Mono.defer ⇢ at org.springframework.web.server.handler.DefaultWebFilterChain.filter(DefaultWebFilterChain.java:106)
	|_           checkpoint ⇢ org.springframework.cloud.gateway.filter.WeightCalculatorWebFilter [DefaultWebFilterChain]
	*____________Mono.defer ⇢ at org.springframework.web.server.handler.DefaultWebFilterChain.filter(DefaultWebFilterChain.java:106)
	|_       Mono.doOnError ⇢ at org.springframework.web.server.handler.ExceptionHandlingWebHandler.handle(ExceptionHandlingWebHandler.java:84)
	|_   Mono.onErrorResume ⇢ at org.springframework.web.server.handler.ExceptionHandlingWebHandler.handle(ExceptionHandlingWebHandler.java:85)
	|_       Mono.doOnError ⇢ at org.springframework.web.server.handler.ExceptionHandlingWebHandler.handle(ExceptionHandlingWebHandler.java:84)
	*____________Mono.error ⇢ at org.springframework.web.server.handler.ExceptionHandlingWebHandler$CheckpointInsertingHandler.handle(ExceptionHandlingWebHandler.java:106)
	|_           checkpoint ⇢ HTTP GET "/exp/auth/roles/menus" [ExceptionHandlingWebHandler]
Original Stack Trace:
		at java.base/sun.nio.ch.SocketChannelImpl.throwConnectionReset(SocketChannelImpl.java:394)
		at java.base/sun.nio.ch.SocketChannelImpl.read(SocketChannelImpl.java:426)
		at io.netty.buffer.PooledByteBuf.setBytes(PooledByteBuf.java:255)
		at io.netty.buffer.AbstractByteBuf.writeBytes(AbstractByteBuf.java:1132)
		at io.netty.channel.socket.nio.NioSocketChannel.doReadBytes(NioSocketChannel.java:357)
		at io.netty.channel.nio.AbstractNioByteChannel$NioByteUnsafe.read(AbstractNioByteChannel.java:151)
		at io.netty.channel.nio.NioEventLoop.processSelectedKey(NioEventLoop.java:788)
		at io.netty.channel.nio.NioEventLoop.processSelectedKeysOptimized(NioEventLoop.java:724)
		at io.netty.channel.nio.NioEventLoop.processSelectedKeys(NioEventLoop.java:650)
		at io.netty.channel.nio.NioEventLoop.run(NioEventLoop.java:562)
		at io.netty.util.concurrent.SingleThreadEventExecutor$4.run(SingleThreadEventExecutor.java:997)
		at io.netty.util.internal.ThreadExecutorMap$2.run(ThreadExecutorMap.java:74)
		at io.netty.util.concurrent.FastThreadLocalRunnable.run(FastThreadLocalRunnable.java:30)
		at java.base/java.lang.Thread.run(Thread.java:842)
